Component: Arm Compiler for Embedded 6.19 Tool: armlink [5e73cb00]

==============================================================================

Section Cross References

    startup.o(STACK) refers (Special) to heapauxi.o(.text) for __use_two_region_memory
    startup.o(HEAP) refers (Special) to heapauxi.o(.text) for __use_two_region_memory
    startup.o(RESET) refers (Special) to heapauxi.o(.text) for __use_two_region_memory
    startup.o(RESET) refers to startup.o(STACK) for StackMem
    startup.o(RESET) refers to sound.o(.text.SysTick_Handler) for SysTick_Handler
    startup.o(RESET) refers to buttonled.o(.text.GPIOPortD_Handler) for GPIOPortD_Handler
    startup.o(RESET) refers to buttonled.o(.text.GPIOPortF_Handler) for GPIOPortF_Handler
    startup.o(RESET) refers to __main.o(!!!main) for __main
    startup.o(.text) refers (Special) to heapauxi.o(.text) for __use_two_region_memory
    startup.o(.text) refers to startup.o(HEAP) for HeapMem
    startup.o(.text) refers to startup.o(STACK) for StackMem
    musicbox.o(.text.__cxx_global_var_init) refers to musicbox.o(.bss.sound) for sound
    musicbox.o(.text.__cxx_global_var_init) refers to musicbox.o(.text._ZN5SoundC2Ev) for Sound::Sound__sub_object()
    musicbox.o(.ARM.exidx.text.__cxx_global_var_init) refers to musicbox.o(.text.__cxx_global_var_init) for [Anonymous Symbol]
    musicbox.o(.text.__cxx_global_var_init.1) refers to musicbox.o(.bss.music) for music
    musicbox.o(.text.__cxx_global_var_init.1) refers to music.o(.text._ZN5MusicC2Ev) for Music::Music()
    musicbox.o(.ARM.exidx.text.__cxx_global_var_init.1) refers to musicbox.o(.text.__cxx_global_var_init.1) for [Anonymous Symbol]
    musicbox.o(.text.__cxx_global_var_init.2) refers to musicbox.o(.bss.piano) for piano
    musicbox.o(.text.__cxx_global_var_init.2) refers to musicbox.o(.text._ZN5PianoC2Ev) for Piano::Piano__sub_object()
    musicbox.o(.ARM.exidx.text.__cxx_global_var_init.2) refers to musicbox.o(.text.__cxx_global_var_init.2) for [Anonymous Symbol]
    musicbox.o(.text.main) refers to startup.o(.text) for DisableInterrupts
    musicbox.o(.text.main) refers to musicbox.o(.bss.sound) for sound
    musicbox.o(.text.main) refers to sound.o(.text._ZN5Sound4initEv) for Sound::init()
    musicbox.o(.text.main) refers to musicbox.o(.bss.buttonsLEDs) for buttonsLEDs
    musicbox.o(.text.main) refers to buttonled.o(.text._ZN11ButtonsLEDs4initEv) for ButtonsLEDs::init()
    musicbox.o(.text.main) refers to sound.o(.text._ZN5Sound7getModeEv) for Sound::getMode()
    musicbox.o(.text.main) refers to musicbox.o(.bss.music) for music
    musicbox.o(.text.main) refers to music.o(.text._ZN5Music8playSongEv) for Music::playSong()
    musicbox.o(.ARM.exidx.text.main) refers to musicbox.o(.text.main) for [Anonymous Symbol]
    musicbox.o(.text._GLOBAL__sub_I_MusicBox.cpp) refers to musicbox.o(.text.__cxx_global_var_init) for __cxx_global_var_init
    musicbox.o(.text._GLOBAL__sub_I_MusicBox.cpp) refers to musicbox.o(.text.__cxx_global_var_init.1) for __cxx_global_var_init.1
    musicbox.o(.text._GLOBAL__sub_I_MusicBox.cpp) refers to musicbox.o(.text.__cxx_global_var_init.2) for __cxx_global_var_init.2
    musicbox.o(.ARM.exidx.text._GLOBAL__sub_I_MusicBox.cpp) refers to musicbox.o(.text._GLOBAL__sub_I_MusicBox.cpp) for [Anonymous Symbol]
    musicbox.o(.init_array) refers to musicbox.o(.text._GLOBAL__sub_I_MusicBox.cpp) for _GLOBAL__sub_I_MusicBox.cpp
    music.o(.text.__cxx_global_var_init) refers to music.o(.bss.song) for song
    music.o(.text.__cxx_global_var_init) refers to music.o(.text._ZN4SongC2Ev) for Song::Song__sub_object()
    music.o(.ARM.exidx.text.__cxx_global_var_init) refers to music.o(.text.__cxx_global_var_init) for [Anonymous Symbol]
    music.o(.text._ZN5MusicC2Ev) refers to musicbox.o(.text._ZN5SoundC2Ev) for Sound::Sound__sub_object()
    music.o(.text._ZN5MusicC2Ev) refers to music.o(.bss.song) for song
    music.o(.ARM.exidx.text._ZN5MusicC2Ev) refers to music.o(.text._ZN5MusicC2Ev) for [Anonymous Symbol]
    music.o(.ARM.exidx.text._ZN5Music8nextSongEv) refers to music.o(.text._ZN5Music8nextSongEv) for [Anonymous Symbol]
    music.o(.ARM.exidx.text._ZN5Music4isOnEv) refers to music.o(.text._ZN5Music4isOnEv) for [Anonymous Symbol]
    music.o(.ARM.exidx.text._ZN5Music7turnOffEv) refers to music.o(.text._ZN5Music7turnOffEv) for [Anonymous Symbol]
    music.o(.ARM.exidx.text._ZN5Music6turnOnEv) refers to music.o(.text._ZN5Music6turnOnEv) for [Anonymous Symbol]
    music.o(.text._ZN5Music8playSongEv) refers to musicbox.o(.bss.sound) for sound
    music.o(.text._ZN5Music8playSongEv) refers to sound.o(.text._ZN5Sound4stopEv) for Sound::stop()
    music.o(.text._ZN5Music8playSongEv) refers to sound.o(.text._ZN5Sound5startEm) for Sound::start(unsigned long)
    music.o(.text._ZN5Music8playSongEv) refers to sound.o(.text._ZN5Sound7getModeEv) for Sound::getMode()
    music.o(.text._ZN5Music8playSongEv) refers to sound.o(.text._ZN5Sound5DelayEv) for Sound::Delay()
    music.o(.ARM.exidx.text._ZN5Music8playSongEv) refers to music.o(.text._ZN5Music8playSongEv) for [Anonymous Symbol]
    music.o(.text._GLOBAL__sub_I_Music.cpp) refers to music.o(.text.__cxx_global_var_init) for __cxx_global_var_init
    music.o(.ARM.exidx.text._GLOBAL__sub_I_Music.cpp) refers to music.o(.text._GLOBAL__sub_I_Music.cpp) for [Anonymous Symbol]
    music.o(.init_array) refers to music.o(.text._GLOBAL__sub_I_Music.cpp) for _GLOBAL__sub_I_Music.cpp
    sound.o(.ARM.exidx.text._ZN5Sound8DAC_InitEv) refers to sound.o(.text._ZN5Sound8DAC_InitEv) for [Anonymous Symbol]
    sound.o(.text._ZN5Sound4initEv) refers to sound.o(.bss.systick) for systick
    sound.o(.text._ZN5Sound4initEv) refers to sound.o(.text._ZN7SysTick4initEv) for SysTick::init()
    sound.o(.text._ZN5Sound4initEv) refers to sound.o(.text._ZN5Sound8DAC_InitEv) for Sound::DAC_Init()
    sound.o(.ARM.exidx.text._ZN5Sound4initEv) refers to sound.o(.text._ZN5Sound4initEv) for [Anonymous Symbol]
    sound.o(.ARM.exidx.text._ZN5Sound9updateDACEv) refers to sound.o(.text._ZN5Sound9updateDACEv) for [Anonymous Symbol]
    sound.o(.text._ZN5Sound5startEm) refers to sound.o(.bss.systick) for systick
    sound.o(.text._ZN5Sound5startEm) refers to sound.o(.text._ZN7SysTick16set_Current_NoteEm) for SysTick::set_Current_Note(unsigned long)
    sound.o(.text._ZN5Sound5startEm) refers to sound.o(.text._ZN7SysTick5startEv) for SysTick::start()
    sound.o(.ARM.exidx.text._ZN5Sound5startEm) refers to sound.o(.text._ZN5Sound5startEm) for [Anonymous Symbol]
    sound.o(.text._ZN5Sound4stopEv) refers to sound.o(.bss.systick) for systick
    sound.o(.text._ZN5Sound4stopEv) refers to sound.o(.text._ZN7SysTick4stopEv) for SysTick::stop()
    sound.o(.ARM.exidx.text._ZN5Sound4stopEv) refers to sound.o(.text._ZN5Sound4stopEv) for [Anonymous Symbol]
    sound.o(.ARM.exidx.text._ZN5Sound10nextOctaveEv) refers to sound.o(.text._ZN5Sound10nextOctaveEv) for [Anonymous Symbol]
    sound.o(.ARM.exidx.text._ZN5Sound5DelayEv) refers to sound.o(.text._ZN5Sound5DelayEv) for [Anonymous Symbol]
    sound.o(.ARM.exidx.text._ZN5Sound7setModeEb) refers to sound.o(.text._ZN5Sound7setModeEb) for [Anonymous Symbol]
    sound.o(.ARM.exidx.text._ZN5Sound7getModeEv) refers to sound.o(.text._ZN5Sound7getModeEv) for [Anonymous Symbol]
    sound.o(.text.SysTick_Handler) refers to musicbox.o(.bss.sound) for sound
    sound.o(.text.SysTick_Handler) refers to sound.o(.text._ZN5Sound9updateDACEv) for Sound::updateDAC()
    sound.o(.ARM.exidx.text.SysTick_Handler) refers to sound.o(.text.SysTick_Handler) for [Anonymous Symbol]
    piano.o(.text._ZN5Piano9playNoteCEv) refers to musicbox.o(.bss.sound) for sound
    piano.o(.text._ZN5Piano9playNoteCEv) refers to sound.o(.text._ZN5Sound5startEm) for Sound::start(unsigned long)
    piano.o(.text._ZN5Piano9playNoteCEv) refers to sound.o(.text._ZN5Sound5DelayEv) for Sound::Delay()
    piano.o(.text._ZN5Piano9playNoteCEv) refers to sound.o(.text._ZN5Sound4stopEv) for Sound::stop()
    piano.o(.ARM.exidx.text._ZN5Piano9playNoteCEv) refers to piano.o(.text._ZN5Piano9playNoteCEv) for [Anonymous Symbol]
    piano.o(.text._ZN5Piano9playNoteDEv) refers to musicbox.o(.bss.sound) for sound
    piano.o(.text._ZN5Piano9playNoteDEv) refers to sound.o(.text._ZN5Sound5startEm) for Sound::start(unsigned long)
    piano.o(.text._ZN5Piano9playNoteDEv) refers to sound.o(.text._ZN5Sound5DelayEv) for Sound::Delay()
    piano.o(.text._ZN5Piano9playNoteDEv) refers to sound.o(.text._ZN5Sound4stopEv) for Sound::stop()
    piano.o(.ARM.exidx.text._ZN5Piano9playNoteDEv) refers to piano.o(.text._ZN5Piano9playNoteDEv) for [Anonymous Symbol]
    piano.o(.text._ZN5Piano9playNoteEEv) refers to musicbox.o(.bss.sound) for sound
    piano.o(.text._ZN5Piano9playNoteEEv) refers to sound.o(.text._ZN5Sound5startEm) for Sound::start(unsigned long)
    piano.o(.text._ZN5Piano9playNoteEEv) refers to sound.o(.text._ZN5Sound5DelayEv) for Sound::Delay()
    piano.o(.text._ZN5Piano9playNoteEEv) refers to sound.o(.text._ZN5Sound4stopEv) for Sound::stop()
    piano.o(.ARM.exidx.text._ZN5Piano9playNoteEEv) refers to piano.o(.text._ZN5Piano9playNoteEEv) for [Anonymous Symbol]
    piano.o(.text._ZN5Piano9playNoteFEv) refers to musicbox.o(.bss.sound) for sound
    piano.o(.text._ZN5Piano9playNoteFEv) refers to sound.o(.text._ZN5Sound5startEm) for Sound::start(unsigned long)
    piano.o(.text._ZN5Piano9playNoteFEv) refers to sound.o(.text._ZN5Sound5DelayEv) for Sound::Delay()
    piano.o(.text._ZN5Piano9playNoteFEv) refers to sound.o(.text._ZN5Sound4stopEv) for Sound::stop()
    piano.o(.ARM.exidx.text._ZN5Piano9playNoteFEv) refers to piano.o(.text._ZN5Piano9playNoteFEv) for [Anonymous Symbol]
    piano.o(.text._ZN5Piano9playNoteGEv) refers to musicbox.o(.bss.sound) for sound
    piano.o(.text._ZN5Piano9playNoteGEv) refers to sound.o(.text._ZN5Sound5startEm) for Sound::start(unsigned long)
    piano.o(.text._ZN5Piano9playNoteGEv) refers to sound.o(.text._ZN5Sound5DelayEv) for Sound::Delay()
    piano.o(.text._ZN5Piano9playNoteGEv) refers to sound.o(.text._ZN5Sound4stopEv) for Sound::stop()
    piano.o(.ARM.exidx.text._ZN5Piano9playNoteGEv) refers to piano.o(.text._ZN5Piano9playNoteGEv) for [Anonymous Symbol]
    piano.o(.text._ZN5Piano9playNoteAEv) refers to musicbox.o(.bss.sound) for sound
    piano.o(.text._ZN5Piano9playNoteAEv) refers to sound.o(.text._ZN5Sound5startEm) for Sound::start(unsigned long)
    piano.o(.text._ZN5Piano9playNoteAEv) refers to sound.o(.text._ZN5Sound5DelayEv) for Sound::Delay()
    piano.o(.text._ZN5Piano9playNoteAEv) refers to sound.o(.text._ZN5Sound4stopEv) for Sound::stop()
    piano.o(.ARM.exidx.text._ZN5Piano9playNoteAEv) refers to piano.o(.text._ZN5Piano9playNoteAEv) for [Anonymous Symbol]
    piano.o(.text._ZN5Piano9playNoteBEv) refers to musicbox.o(.bss.sound) for sound
    piano.o(.text._ZN5Piano9playNoteBEv) refers to sound.o(.text._ZN5Sound5startEm) for Sound::start(unsigned long)
    piano.o(.text._ZN5Piano9playNoteBEv) refers to sound.o(.text._ZN5Sound5DelayEv) for Sound::Delay()
    piano.o(.text._ZN5Piano9playNoteBEv) refers to sound.o(.text._ZN5Sound4stopEv) for Sound::stop()
    piano.o(.ARM.exidx.text._ZN5Piano9playNoteBEv) refers to piano.o(.text._ZN5Piano9playNoteBEv) for [Anonymous Symbol]
    piano.o(.ARM.exidx.text._ZN5Piano4isOnEv) refers to piano.o(.text._ZN5Piano4isOnEv) for [Anonymous Symbol]
    piano.o(.ARM.exidx.text._ZN5Piano7turnOffEv) refers to piano.o(.text._ZN5Piano7turnOffEv) for [Anonymous Symbol]
    piano.o(.ARM.exidx.text._ZN5Piano6turnOnEv) refers to piano.o(.text._ZN5Piano6turnOnEv) for [Anonymous Symbol]
    buttonled.o(.ARM.exidx.text._ZN11ButtonsLEDs14GPIOPortF_InitEv) refers to buttonled.o(.text._ZN11ButtonsLEDs14GPIOPortF_InitEv) for [Anonymous Symbol]
    buttonled.o(.ARM.exidx.text._ZN11ButtonsLEDs14GPIOPortD_InitEv) refers to buttonled.o(.text._ZN11ButtonsLEDs14GPIOPortD_InitEv) for [Anonymous Symbol]
    buttonled.o(.text._ZN11ButtonsLEDs4initEv) refers to buttonled.o(.text._ZN11ButtonsLEDs14GPIOPortF_InitEv) for ButtonsLEDs::GPIOPortF_Init()
    buttonled.o(.text._ZN11ButtonsLEDs4initEv) refers to buttonled.o(.text._ZN11ButtonsLEDs14GPIOPortD_InitEv) for ButtonsLEDs::GPIOPortD_Init()
    buttonled.o(.ARM.exidx.text._ZN11ButtonsLEDs4initEv) refers to buttonled.o(.text._ZN11ButtonsLEDs4initEv) for [Anonymous Symbol]
    buttonled.o(.text.GPIOPortD_Handler) refers to musicbox.o(.bss.sound) for sound
    buttonled.o(.text.GPIOPortD_Handler) refers to sound.o(.text._ZN5Sound7getModeEv) for Sound::getMode()
    buttonled.o(.text.GPIOPortD_Handler) refers to musicbox.o(.bss.piano) for piano
    buttonled.o(.text.GPIOPortD_Handler) refers to piano.o(.text._ZN5Piano9playNoteCEv) for Piano::playNoteC()
    buttonled.o(.text.GPIOPortD_Handler) refers to piano.o(.text._ZN5Piano9playNoteDEv) for Piano::playNoteD()
    buttonled.o(.text.GPIOPortD_Handler) refers to piano.o(.text._ZN5Piano9playNoteEEv) for Piano::playNoteE()
    buttonled.o(.text.GPIOPortD_Handler) refers to piano.o(.text._ZN5Piano9playNoteFEv) for Piano::playNoteF()
    buttonled.o(.ARM.exidx.text.GPIOPortD_Handler) refers to buttonled.o(.text.GPIOPortD_Handler) for [Anonymous Symbol]
    buttonled.o(.text.GPIOPortF_Handler) refers to musicbox.o(.bss.sound) for sound
    buttonled.o(.text.GPIOPortF_Handler) refers to sound.o(.text._ZN5Sound7getModeEv) for Sound::getMode()
    buttonled.o(.text.GPIOPortF_Handler) refers to sound.o(.text._ZN5Sound7setModeEb) for Sound::setMode(bool)
    buttonled.o(.text.GPIOPortF_Handler) refers to sound.o(.text._ZN5Sound10nextOctaveEv) for Sound::nextOctave()
    buttonled.o(.text.GPIOPortF_Handler) refers to musicbox.o(.bss.music) for music
    buttonled.o(.text.GPIOPortF_Handler) refers to music.o(.text._ZN5Music8nextSongEv) for Music::nextSong()
    buttonled.o(.ARM.exidx.text.GPIOPortF_Handler) refers to buttonled.o(.text.GPIOPortF_Handler) for [Anonymous Symbol]
    rt_memcpy_v6.o(.text) refers to rt_memcpy_w.o(.text) for __aeabi_memcpy4
    __main.o(!!!main) refers to __rtentry.o(.ARM.Collect$$rtentry$$00000000) for __rt_entry
    init_aeabi.o(.emb_text) refers (Special) to libinit2.o(.ARM.Collect$$libinit$$00000033) for __rt_lib_init_cpp_2
    init_aeabi.o(.init_array) refers (Special) to libinit2.o(.ARM.Collect$$libinit$$00000033) for __rt_lib_init_cpp_2
    init_aeabi.o(.dummy_text) refers (Special) to libinit2.o(.ARM.Collect$$libinit$$00000033) for __rt_lib_init_cpp_2
    init_aeabi.o(.text) refers (Special) to libinit2.o(.ARM.Collect$$libinit$$00000033) for __rt_lib_init_cpp_2
    init_aeabi.o(.ARM.exidx) refers (Special) to libinit2.o(.ARM.Collect$$libinit$$00000033) for __rt_lib_init_cpp_2
    init_aeabi.o(.ARM.exidx) refers to init_aeabi.o(.text) for .text
    __rtentry.o(.ARM.Collect$$rtentry$$00000000) refers (Special) to __rtentry2.o(.ARM.Collect$$rtentry$$0000000A) for __rt_entry_li
    __rtentry.o(.ARM.Collect$$rtentry$$00000000) refers (Special) to __rtentry2.o(.ARM.Collect$$rtentry$$0000000D) for __rt_entry_main
    __rtentry.o(.ARM.Collect$$rtentry$$00000000) refers (Special) to __rtentry2.o(.ARM.Collect$$rtentry$$0000000C) for __rt_entry_postli_1
    __rtentry.o(.ARM.Collect$$rtentry$$00000000) refers (Special) to __rtentry2.o(.ARM.Collect$$rtentry$$00000009) for __rt_entry_postsh_1
    __rtentry.o(.ARM.Collect$$rtentry$$00000000) refers (Special) to __rtentry2.o(.ARM.Collect$$rtentry$$00000002) for __rt_entry_presh_1
    __rtentry.o(.ARM.Collect$$rtentry$$00000000) refers (Special) to __rtentry4.o(.ARM.Collect$$rtentry$$00000004) for __rt_entry_sh
    libinit2.o(.ARM.Collect$$libinit$$00000012) refers to libinit2.o(.ARM.Collect$$libinit$$00000011) for .ARM.Collect$$libinit$$00000011
    libinit2.o(.ARM.Collect$$libinit$$00000014) refers to libinit2.o(.ARM.Collect$$libinit$$00000011) for .ARM.Collect$$libinit$$00000011
    libinit2.o(.ARM.Collect$$libinit$$00000016) refers to libinit2.o(.ARM.Collect$$libinit$$00000011) for .ARM.Collect$$libinit$$00000011
    libinit2.o(.ARM.Collect$$libinit$$00000018) refers to libinit2.o(.ARM.Collect$$libinit$$00000011) for .ARM.Collect$$libinit$$00000011
    libinit2.o(.ARM.Collect$$libinit$$0000001A) refers to libinit2.o(.ARM.Collect$$libinit$$00000011) for .ARM.Collect$$libinit$$00000011
    libinit2.o(.ARM.Collect$$libinit$$00000028) refers to argv_veneer.o(.emb_text) for __ARM_argv_veneer
    libinit2.o(.ARM.Collect$$libinit$$00000029) refers to argv_veneer.o(.emb_text) for __ARM_argv_veneer
    libinit2.o(.ARM.Collect$$libinit$$00000033) refers (Weak) to init_aeabi.o(.text) for __cpp_initialize__aeabi_
    __rtentry2.o(.ARM.Collect$$rtentry$$00000008) refers to boardinit2.o(.text) for _platform_post_stackheap_init
    __rtentry2.o(.ARM.Collect$$rtentry$$0000000A) refers to libinit.o(.ARM.Collect$$libinit$$00000000) for __rt_lib_init
    __rtentry2.o(.ARM.Collect$$rtentry$$0000000B) refers to boardinit3.o(.text) for _platform_post_lib_init
    __rtentry2.o(.ARM.Collect$$rtentry$$0000000D) refers to musicbox.o(.text.main) for main
    __rtentry2.o(.ARM.Collect$$rtentry$$0000000D) refers to exit.o(.text) for exit
    __rtentry2.o(.ARM.exidx) refers to __rtentry2.o(.ARM.Collect$$rtentry$$00000001) for .ARM.Collect$$rtentry$$00000001
    __rtentry2.o(.ARM.exidx) refers to __rtentry2.o(.ARM.Collect$$rtentry$$00000008) for .ARM.Collect$$rtentry$$00000008
    __rtentry2.o(.ARM.exidx) refers to __rtentry2.o(.ARM.Collect$$rtentry$$0000000A) for .ARM.Collect$$rtentry$$0000000A
    __rtentry2.o(.ARM.exidx) refers to __rtentry2.o(.ARM.Collect$$rtentry$$0000000B) for .ARM.Collect$$rtentry$$0000000B
    __rtentry2.o(.ARM.exidx) refers to __rtentry2.o(.ARM.Collect$$rtentry$$0000000D) for .ARM.Collect$$rtentry$$0000000D
    __rtentry4.o(.ARM.Collect$$rtentry$$00000004) refers to sys_stackheap_outer.o(.text) for __user_setup_stackheap
    __rtentry4.o(.ARM.exidx) refers to __rtentry4.o(.ARM.Collect$$rtentry$$00000004) for .ARM.Collect$$rtentry$$00000004
    argv_veneer.o(.emb_text) refers to no_argv.o(.text) for __ARM_get_argv
    sys_stackheap_outer.o(.text) refers to libspace.o(.text) for __user_perproc_libspace
    sys_stackheap_outer.o(.text) refers to startup.o(.text) for __user_initial_stackheap
    exit.o(.text) refers to rtexit.o(.ARM.Collect$$rtexit$$00000000) for __rt_exit
    _get_argv_nomalloc.o(.text) refers (Special) to hrguard.o(.text) for __heap_region$guard
    _get_argv_nomalloc.o(.text) refers to defsig_rtmem_outer.o(.text) for __rt_SIGRTMEM
    _get_argv_nomalloc.o(.text) refers to sys_command.o(.text) for _sys_command_string
    libinit.o(.ARM.Collect$$libinit$$00000000) refers (Special) to libinit2.o(.ARM.Collect$$libinit$$00000030) for __rt_lib_init_alloca_1
    libinit.o(.ARM.Collect$$libinit$$00000000) refers (Special) to libinit2.o(.ARM.Collect$$libinit$$0000002E) for __rt_lib_init_argv_1
    libinit.o(.ARM.Collect$$libinit$$00000000) refers (Special) to libinit2.o(.ARM.Collect$$libinit$$0000001D) for __rt_lib_init_atexit_1
    libinit.o(.ARM.Collect$$libinit$$00000000) refers (Special) to libinit2.o(.ARM.Collect$$libinit$$00000023) for __rt_lib_init_clock_1
    libinit.o(.ARM.Collect$$libinit$$00000000) refers (Special) to libinit2.o(.ARM.Collect$$libinit$$00000034) for __rt_lib_init_cpp_1
    libinit.o(.ARM.Collect$$libinit$$00000000) refers (Special) to libinit2.o(.ARM.Collect$$libinit$$00000032) for __rt_lib_init_exceptions_1
    libinit.o(.ARM.Collect$$libinit$$00000000) refers (Special) to libinit2.o(.ARM.Collect$$libinit$$00000002) for __rt_lib_init_fp_1
    libinit.o(.ARM.Collect$$libinit$$00000000) refers (Special) to libinit2.o(.ARM.Collect$$libinit$$00000021) for __rt_lib_init_fp_trap_1
    libinit.o(.ARM.Collect$$libinit$$00000000) refers (Special) to libinit2.o(.ARM.Collect$$libinit$$00000025) for __rt_lib_init_getenv_1
    libinit.o(.ARM.Collect$$libinit$$00000000) refers (Special) to libinit2.o(.ARM.Collect$$libinit$$0000000C) for __rt_lib_init_heap_1
    libinit.o(.ARM.Collect$$libinit$$00000000) refers (Special) to libinit2.o(.ARM.Collect$$libinit$$00000013) for __rt_lib_init_lc_collate_1
    libinit.o(.ARM.Collect$$libinit$$00000000) refers (Special) to libinit2.o(.ARM.Collect$$libinit$$00000015) for __rt_lib_init_lc_ctype_1
    libinit.o(.ARM.Collect$$libinit$$00000000) refers (Special) to libinit2.o(.ARM.Collect$$libinit$$00000017) for __rt_lib_init_lc_monetary_1
    libinit.o(.ARM.Collect$$libinit$$00000000) refers (Special) to libinit2.o(.ARM.Collect$$libinit$$00000019) for __rt_lib_init_lc_numeric_1
    libinit.o(.ARM.Collect$$libinit$$00000000) refers (Special) to libinit2.o(.ARM.Collect$$libinit$$0000001B) for __rt_lib_init_lc_time_1
    libinit.o(.ARM.Collect$$libinit$$00000000) refers (Special) to libinit2.o(.ARM.Collect$$libinit$$00000006) for __rt_lib_init_preinit_1
    libinit.o(.ARM.Collect$$libinit$$00000000) refers (Special) to libinit2.o(.ARM.Collect$$libinit$$00000010) for __rt_lib_init_rand_1
    libinit.o(.ARM.Collect$$libinit$$00000000) refers (Special) to libinit2.o(.ARM.Collect$$libinit$$00000004) for __rt_lib_init_relocate_pie_1
    libinit.o(.ARM.Collect$$libinit$$00000000) refers (Special) to libinit2.o(.ARM.Collect$$libinit$$00000035) for __rt_lib_init_return
    libinit.o(.ARM.Collect$$libinit$$00000000) refers (Special) to libinit2.o(.ARM.Collect$$libinit$$0000001F) for __rt_lib_init_signal_1
    libinit.o(.ARM.Collect$$libinit$$00000000) refers (Special) to libinit2.o(.ARM.Collect$$libinit$$00000027) for __rt_lib_init_stdio_1
    libinit.o(.ARM.Collect$$libinit$$00000000) refers (Special) to libinit2.o(.ARM.Collect$$libinit$$0000000E) for __rt_lib_init_user_alloc_1
    sys_command.o(.text) refers (Special) to use_no_semi.o(.text) for __I$use$semihosting
    sys_command.o(.text) refers (Special) to indicate_semi.o(.text) for __semihosting_library_function
    sys_command_hlt.o(.text) refers (Special) to use_no_semi.o(.text) for __I$use$semihosting
    sys_command_hlt.o(.text) refers (Special) to indicate_semi.o(.text) for __semihosting_library_function
    libspace.o(.text) refers to libspace.o(.bss) for __libspace_start
    rtexit.o(.ARM.Collect$$rtexit$$00000000) refers (Special) to rtexit2.o(.ARM.Collect$$rtexit$$00000004) for __rt_exit_exit
    rtexit.o(.ARM.Collect$$rtexit$$00000000) refers (Special) to rtexit2.o(.ARM.Collect$$rtexit$$00000003) for __rt_exit_ls
    rtexit.o(.ARM.Collect$$rtexit$$00000000) refers (Special) to rtexit2.o(.ARM.Collect$$rtexit$$00000002) for __rt_exit_prels_1
    rtexit.o(.ARM.exidx) refers (Special) to rtexit2.o(.ARM.Collect$$rtexit$$00000004) for __rt_exit_exit
    rtexit.o(.ARM.exidx) refers (Special) to rtexit2.o(.ARM.Collect$$rtexit$$00000003) for __rt_exit_ls
    rtexit.o(.ARM.exidx) refers (Special) to rtexit2.o(.ARM.Collect$$rtexit$$00000002) for __rt_exit_prels_1
    rtexit.o(.ARM.exidx) refers to rtexit.o(.ARM.Collect$$rtexit$$00000000) for .ARM.Collect$$rtexit$$00000000
    defsig_rtmem_outer.o(.text) refers to defsig_rtmem_inner.o(.text) for __rt_SIGRTMEM_inner
    defsig_rtmem_outer.o(.text) refers to defsig_exit.o(.text) for __sig_exit
    defsig_rtmem_formal.o(.text) refers to rt_raise.o(.text) for __rt_raise
    rtexit2.o(.ARM.Collect$$rtexit$$00000003) refers to libshutdown.o(.ARM.Collect$$libshutdown$$00000000) for __rt_lib_shutdown
    rtexit2.o(.ARM.Collect$$rtexit$$00000004) refers to sys_exit.o(.text) for _sys_exit
    rtexit2.o(.ARM.exidx) refers to rtexit2.o(.ARM.Collect$$rtexit$$00000001) for .ARM.Collect$$rtexit$$00000001
    rtexit2.o(.ARM.exidx) refers to rtexit2.o(.ARM.Collect$$rtexit$$00000003) for .ARM.Collect$$rtexit$$00000003
    rtexit2.o(.ARM.exidx) refers to rtexit2.o(.ARM.Collect$$rtexit$$00000004) for .ARM.Collect$$rtexit$$00000004
    rt_raise.o(.text) refers to __raise.o(.text) for __raise
    rt_raise.o(.text) refers to sys_exit.o(.text) for _sys_exit
    defsig_exit.o(.text) refers to sys_exit.o(.text) for _sys_exit
    defsig_rtmem_inner.o(.text) refers to defsig_general.o(.text) for __default_signal_display
    sys_exit.o(.text) refers (Special) to use_no_semi.o(.text) for __I$use$semihosting
    sys_exit.o(.text) refers (Special) to indicate_semi.o(.text) for __semihosting_library_function
    sys_exit_hlt.o(.text) refers (Special) to use_no_semi.o(.text) for __I$use$semihosting
    sys_exit_hlt.o(.text) refers (Special) to indicate_semi.o(.text) for __semihosting_library_function
    __raise.o(.text) refers to defsig.o(CL$$defsig) for __default_signal_handler
    defsig_general.o(.text) refers to sys_wrch.o(.text) for _ttywrch
    libshutdown.o(.ARM.Collect$$libshutdown$$00000000) refers (Special) to libshutdown2.o(.ARM.Collect$$libshutdown$$00000002) for __rt_lib_shutdown_cpp_1
    libshutdown.o(.ARM.Collect$$libshutdown$$00000000) refers (Special) to libshutdown2.o(.ARM.Collect$$libshutdown$$00000007) for __rt_lib_shutdown_fp_trap_1
    libshutdown.o(.ARM.Collect$$libshutdown$$00000000) refers (Special) to libshutdown2.o(.ARM.Collect$$libshutdown$$0000000F) for __rt_lib_shutdown_heap_1
    libshutdown.o(.ARM.Collect$$libshutdown$$00000000) refers (Special) to libshutdown2.o(.ARM.Collect$$libshutdown$$00000010) for __rt_lib_shutdown_return
    libshutdown.o(.ARM.Collect$$libshutdown$$00000000) refers (Special) to libshutdown2.o(.ARM.Collect$$libshutdown$$0000000A) for __rt_lib_shutdown_signal_1
    libshutdown.o(.ARM.Collect$$libshutdown$$00000000) refers (Special) to libshutdown2.o(.ARM.Collect$$libshutdown$$00000004) for __rt_lib_shutdown_stdio_1
    libshutdown.o(.ARM.Collect$$libshutdown$$00000000) refers (Special) to libshutdown2.o(.ARM.Collect$$libshutdown$$0000000C) for __rt_lib_shutdown_user_alloc_1
    sys_wrch.o(.text) refers (Special) to use_no_semi.o(.text) for __I$use$semihosting
    sys_wrch.o(.text) refers (Special) to indicate_semi.o(.text) for __semihosting_library_function
    sys_wrch_hlt.o(.text) refers (Special) to use_no_semi.o(.text) for __I$use$semihosting
    sys_wrch_hlt.o(.text) refers (Special) to indicate_semi.o(.text) for __semihosting_library_function
    defsig.o(CL$$defsig) refers to defsig_rtmem_inner.o(.text) for __rt_SIGRTMEM_inner
    defsig_abrt_inner.o(.text) refers to defsig_general.o(.text) for __default_signal_display
    defsig_fpe_inner.o(.text) refers to defsig_general.o(.text) for __default_signal_display
    defsig_rtred_inner.o(.text) refers to defsig_general.o(.text) for __default_signal_display
    defsig_stak_inner.o(.text) refers to defsig_general.o(.text) for __default_signal_display
    defsig_pvfn_inner.o(.text) refers to defsig_general.o(.text) for __default_signal_display
    defsig_cppl_inner.o(.text) refers to defsig_general.o(.text) for __default_signal_display
    defsig_segv_inner.o(.text) refers to defsig_general.o(.text) for __default_signal_display
    defsig_other.o(.text) refers to defsig_general.o(.text) for __default_signal_display
    musicbox.o(.text._ZN5SoundC2Ev) refers to musicbox.o(.rodata..Lconstinit) for .Lconstinit
    musicbox.o(.text._ZN5SoundC2Ev) refers to rt_memcpy_v6.o(.text) for __aeabi_memcpy
    musicbox.o(.text._ZN5SoundC2Ev) refers to musicbox.o(.rodata..Lconstinit.3) for .Lconstinit.3
    musicbox.o(.text._ZN5SoundC2Ev) refers to rt_memcpy_w.o(.text) for __aeabi_memcpy4
    musicbox.o(.ARM.exidx.text._ZN5SoundC2Ev) refers to musicbox.o(.text._ZN5SoundC2Ev) for [Anonymous Symbol]
    musicbox.o(.text._ZN5PianoC2Ev) refers to musicbox.o(.text._ZN5SoundC2Ev) for Sound::Sound__sub_object()
    musicbox.o(.ARM.exidx.text._ZN5PianoC2Ev) refers to musicbox.o(.text._ZN5PianoC2Ev) for [Anonymous Symbol]
    music.o(.text._ZN4SongC2Ev) refers to musicbox.o(.text._ZN5SoundC2Ev) for Sound::Sound__sub_object()
    music.o(.text._ZN4SongC2Ev) refers to music.o(.rodata..Lconstinit) for .Lconstinit
    music.o(.text._ZN4SongC2Ev) refers to rt_memcpy_v6.o(.text) for __aeabi_memcpy
    music.o(.text._ZN4SongC2Ev) refers to music.o(.rodata..Lconstinit.1) for .Lconstinit.1
    music.o(.ARM.exidx.text._ZN4SongC2Ev) refers to music.o(.text._ZN4SongC2Ev) for [Anonymous Symbol]
    sound.o(.ARM.exidx.text._ZN7SysTick4initEv) refers to sound.o(.text._ZN7SysTick4initEv) for [Anonymous Symbol]
    sound.o(.ARM.exidx.text._ZN7SysTick16set_Current_NoteEm) refers to sound.o(.text._ZN7SysTick16set_Current_NoteEm) for [Anonymous Symbol]
    sound.o(.ARM.exidx.text._ZN7SysTick5startEv) refers to sound.o(.text._ZN7SysTick5startEv) for [Anonymous Symbol]
    sound.o(.ARM.exidx.text._ZN7SysTick4stopEv) refers to sound.o(.text._ZN7SysTick4stopEv) for [Anonymous Symbol]


==============================================================================

Removing Unused input sections from the image.

    Removing musicbox.o(.text), (0 bytes).
    Removing musicbox.o(.ARM.exidx.text.__cxx_global_var_init), (8 bytes).
    Removing musicbox.o(.ARM.exidx.text.__cxx_global_var_init.1), (8 bytes).
    Removing musicbox.o(.ARM.exidx.text.__cxx_global_var_init.2), (8 bytes).
    Removing musicbox.o(.ARM.exidx.text.main), (8 bytes).
    Removing musicbox.o(.ARM.exidx.text._GLOBAL__sub_I_MusicBox.cpp), (8 bytes).
    Removing musicbox.o(.ARM.use_no_argv), (4 bytes).
    Removing music.o(.text), (0 bytes).
    Removing music.o(.ARM.exidx.text.__cxx_global_var_init), (8 bytes).
    Removing music.o(.ARM.exidx.text._ZN5MusicC2Ev), (8 bytes).
    Removing music.o(.ARM.exidx.text._ZN5Music8nextSongEv), (8 bytes).
    Removing music.o(.text._ZN5Music4isOnEv), (18 bytes).
    Removing music.o(.ARM.exidx.text._ZN5Music4isOnEv), (8 bytes).
    Removing music.o(.text._ZN5Music7turnOffEv), (20 bytes).
    Removing music.o(.ARM.exidx.text._ZN5Music7turnOffEv), (8 bytes).
    Removing music.o(.text._ZN5Music6turnOnEv), (16 bytes).
    Removing music.o(.ARM.exidx.text._ZN5Music6turnOnEv), (8 bytes).
    Removing music.o(.ARM.exidx.text._ZN5Music8playSongEv), (8 bytes).
    Removing music.o(.ARM.exidx.text._GLOBAL__sub_I_Music.cpp), (8 bytes).
    Removing music.o(.rodata..Lconstinit.2), (64 bytes).
    Removing music.o(.rodata..Lconstinit.3), (112 bytes).
    Removing sound.o(.text), (0 bytes).
    Removing sound.o(.ARM.exidx.text._ZN5Sound8DAC_InitEv), (8 bytes).
    Removing sound.o(.ARM.exidx.text._ZN5Sound4initEv), (8 bytes).
    Removing sound.o(.ARM.exidx.text._ZN5Sound9updateDACEv), (8 bytes).
    Removing sound.o(.ARM.exidx.text._ZN5Sound5startEm), (8 bytes).
    Removing sound.o(.ARM.exidx.text._ZN5Sound4stopEv), (8 bytes).
    Removing sound.o(.ARM.exidx.text._ZN5Sound10nextOctaveEv), (8 bytes).
    Removing sound.o(.ARM.exidx.text._ZN5Sound5DelayEv), (8 bytes).
    Removing sound.o(.ARM.exidx.text._ZN5Sound7setModeEb), (8 bytes).
    Removing sound.o(.ARM.exidx.text._ZN5Sound7getModeEv), (8 bytes).
    Removing sound.o(.ARM.exidx.text.SysTick_Handler), (8 bytes).
    Removing piano.o(.text), (0 bytes).
    Removing piano.o(.ARM.exidx.text._ZN5Piano9playNoteCEv), (8 bytes).
    Removing piano.o(.ARM.exidx.text._ZN5Piano9playNoteDEv), (8 bytes).
    Removing piano.o(.ARM.exidx.text._ZN5Piano9playNoteEEv), (8 bytes).
    Removing piano.o(.ARM.exidx.text._ZN5Piano9playNoteFEv), (8 bytes).
    Removing piano.o(.text._ZN5Piano9playNoteGEv), (66 bytes).
    Removing piano.o(.ARM.exidx.text._ZN5Piano9playNoteGEv), (8 bytes).
    Removing piano.o(.text._ZN5Piano9playNoteAEv), (66 bytes).
    Removing piano.o(.ARM.exidx.text._ZN5Piano9playNoteAEv), (8 bytes).
    Removing piano.o(.text._ZN5Piano9playNoteBEv), (66 bytes).
    Removing piano.o(.ARM.exidx.text._ZN5Piano9playNoteBEv), (8 bytes).
    Removing piano.o(.text._ZN5Piano4isOnEv), (18 bytes).
    Removing piano.o(.ARM.exidx.text._ZN5Piano4isOnEv), (8 bytes).
    Removing piano.o(.text._ZN5Piano7turnOffEv), (16 bytes).
    Removing piano.o(.ARM.exidx.text._ZN5Piano7turnOffEv), (8 bytes).
    Removing piano.o(.text._ZN5Piano6turnOnEv), (16 bytes).
    Removing piano.o(.ARM.exidx.text._ZN5Piano6turnOnEv), (8 bytes).
    Removing buttonled.o(.text), (0 bytes).
    Removing buttonled.o(.ARM.exidx.text._ZN11ButtonsLEDs14GPIOPortF_InitEv), (8 bytes).
    Removing buttonled.o(.ARM.exidx.text._ZN11ButtonsLEDs14GPIOPortD_InitEv), (8 bytes).
    Removing buttonled.o(.ARM.exidx.text._ZN11ButtonsLEDs4initEv), (8 bytes).
    Removing buttonled.o(.ARM.exidx.text.GPIOPortD_Handler), (8 bytes).
    Removing buttonled.o(.ARM.exidx.text.GPIOPortF_Handler), (8 bytes).
    Removing musicbox.o(.ARM.exidx.text._ZN5SoundC2Ev), (8 bytes).
    Removing musicbox.o(.ARM.exidx.text._ZN5PianoC2Ev), (8 bytes).
    Removing music.o(.ARM.exidx.text._ZN4SongC2Ev), (8 bytes).
    Removing sound.o(.ARM.exidx.text._ZN7SysTick4initEv), (8 bytes).
    Removing sound.o(.ARM.exidx.text._ZN7SysTick16set_Current_NoteEm), (8 bytes).
    Removing sound.o(.ARM.exidx.text._ZN7SysTick5startEv), (8 bytes).
    Removing sound.o(.ARM.exidx.text._ZN7SysTick4stopEv), (8 bytes).

62 unused section(s) (total 842 bytes) removed from the image.

==============================================================================

Image Symbol Table

    Local Symbols

    Symbol Name                              Value     Ov Type        Size  Object(Section)

    ../clib/angel/boardlib.s                 0x00000000   Number         0  boardinit1.o ABSOLUTE
    ../clib/angel/boardlib.s                 0x00000000   Number         0  boardinit2.o ABSOLUTE
    ../clib/angel/boardlib.s                 0x00000000   Number         0  boardinit3.o ABSOLUTE
    ../clib/angel/boardlib.s                 0x00000000   Number         0  boardshut.o ABSOLUTE
    ../clib/angel/handlers.s                 0x00000000   Number         0  __scatter_zi.o ABSOLUTE
    ../clib/angel/kernel.s                   0x00000000   Number         0  __rtentry.o ABSOLUTE
    ../clib/angel/kernel.s                   0x00000000   Number         0  __rtentry2.o ABSOLUTE
    ../clib/angel/kernel.s                   0x00000000   Number         0  __rtentry4.o ABSOLUTE
    ../clib/angel/kernel.s                   0x00000000   Number         0  rtexit.o ABSOLUTE
    ../clib/angel/kernel.s                   0x00000000   Number         0  rtexit2.o ABSOLUTE
    ../clib/angel/rt.s                       0x00000000   Number         0  rt_raise.o ABSOLUTE
    ../clib/angel/scatter.s                  0x00000000   Number         0  __scatter.o ABSOLUTE
    ../clib/angel/startup.s                  0x00000000   Number         0  __main.o ABSOLUTE
    ../clib/angel/sys.s                      0x00000000   Number         0  sys_stackheap_outer.o ABSOLUTE
    ../clib/angel/sys.s                      0x00000000   Number         0  libspace.o ABSOLUTE
    ../clib/angel/sys.s                      0x00000000   Number         0  use_no_semi.o ABSOLUTE
    ../clib/angel/sys.s                      0x00000000   Number         0  indicate_semi.o ABSOLUTE
    ../clib/angel/sysapp.c                   0x00000000   Number         0  sys_command.o ABSOLUTE
    ../clib/angel/sysapp.c                   0x00000000   Number         0  sys_command_hlt.o ABSOLUTE
    ../clib/angel/sysapp.c                   0x00000000   Number         0  sys_exit.o ABSOLUTE
    ../clib/angel/sysapp.c                   0x00000000   Number         0  sys_exit_hlt.o ABSOLUTE
    ../clib/angel/sysapp.c                   0x00000000   Number         0  sys_wrch.o ABSOLUTE
    ../clib/angel/sysapp.c                   0x00000000   Number         0  sys_wrch_hlt.o ABSOLUTE
    ../clib/arm_runtime.c                    0x00000000   Number         0  init_aeabi.o ABSOLUTE
    ../clib/arm_runtime.c                    0x00000000   Number         0  init_aeabi.o ABSOLUTE
    ../clib/armsys.c                         0x00000000   Number         0  argv_veneer.o ABSOLUTE
    ../clib/armsys.c                         0x00000000   Number         0  argv_veneer.o ABSOLUTE
    ../clib/armsys.c                         0x00000000   Number         0  _get_argv_nomalloc.o ABSOLUTE
    ../clib/armsys.c                         0x00000000   Number         0  no_argv.o ABSOLUTE
    ../clib/heapalloc.c                      0x00000000   Number         0  hrguard.o ABSOLUTE
    ../clib/heapaux.c                        0x00000000   Number         0  heapauxi.o ABSOLUTE
    ../clib/libinit.s                        0x00000000   Number         0  libinit2.o ABSOLUTE
    ../clib/libinit.s                        0x00000000   Number         0  libinit.o ABSOLUTE
    ../clib/libinit.s                        0x00000000   Number         0  libshutdown.o ABSOLUTE
    ../clib/libinit.s                        0x00000000   Number         0  libshutdown2.o ABSOLUTE
    ../clib/memcpset.s                       0x00000000   Number         0  rt_memcpy_v6.o ABSOLUTE
    ../clib/memcpset.s                       0x00000000   Number         0  rt_memcpy_w.o ABSOLUTE
    ../clib/r_arm_target.c                   0x00000000   Number         0  __ARM_resolve_target1.o ABSOLUTE
    ../clib/r_arm_target.c                   0x00000000   Number         0  __ARM_resolve_target1_abs32.o ABSOLUTE
    ../clib/signal.c                         0x00000000   Number         0  defsig_rtmem_outer.o ABSOLUTE
    ../clib/signal.c                         0x00000000   Number         0  defsig_rtmem_formal.o ABSOLUTE
    ../clib/signal.c                         0x00000000   Number         0  defsig_exit.o ABSOLUTE
    ../clib/signal.c                         0x00000000   Number         0  defsig_rtmem_inner.o ABSOLUTE
    ../clib/signal.c                         0x00000000   Number         0  __raise.o ABSOLUTE
    ../clib/signal.c                         0x00000000   Number         0  defsig_general.o ABSOLUTE
    ../clib/signal.c                         0x00000000   Number         0  defsig_abrt_inner.o ABSOLUTE
    ../clib/signal.c                         0x00000000   Number         0  defsig_fpe_inner.o ABSOLUTE
    ../clib/signal.c                         0x00000000   Number         0  defsig_rtred_inner.o ABSOLUTE
    ../clib/signal.c                         0x00000000   Number         0  defsig_stak_inner.o ABSOLUTE
    ../clib/signal.c                         0x00000000   Number         0  defsig_pvfn_inner.o ABSOLUTE
    ../clib/signal.c                         0x00000000   Number         0  defsig_cppl_inner.o ABSOLUTE
    ../clib/signal.c                         0x00000000   Number         0  defsig_segv_inner.o ABSOLUTE
    ../clib/signal.c                         0x00000000   Number         0  defsig_other.o ABSOLUTE
    ../clib/signal.s                         0x00000000   Number         0  defsig.o ABSOLUTE
    ../clib/stdlib.c                         0x00000000   Number         0  exit.o ABSOLUTE
    ../fplib/fpinit.s                        0x00000000   Number         0  fpinit.o ABSOLUTE
    ../fplib/fpinit_empty.s                  0x00000000   Number         0  fpinit_empty.o ABSOLUTE
    ButtonLED.cpp                            0x00000000   Number         0  buttonled.o ABSOLUTE
    Music.cpp                                0x00000000   Number         0  music.o ABSOLUTE
    MusicBox.cpp                             0x00000000   Number         0  musicbox.o ABSOLUTE
    Piano.cpp                                0x00000000   Number         0  piano.o ABSOLUTE
    Sound.cpp                                0x00000000   Number         0  sound.o ABSOLUTE
    dc.s                                     0x00000000   Number         0  dc.o ABSOLUTE
    startup.s                                0x00000000   Number         0  startup.o ABSOLUTE
    RESET                                    0x00000000   Section      644  startup.o(RESET)
    !!!main                                  0x00000284   Section        8  __main.o(!!!main)
    !!!scatter                               0x0000028c   Section       52  __scatter.o(!!!scatter)
    !!handler_zi                             0x000002c0   Section       28  __scatter_zi.o(!!handler_zi)
    .ARM.Collect$$libinit$$00000000          0x000002dc   Section        2  libinit.o(.ARM.Collect$$libinit$$00000000)
    .ARM.Collect$$libinit$$00000002          0x000002de   Section        0  libinit2.o(.ARM.Collect$$libinit$$00000002)
    .ARM.Collect$$libinit$$00000004          0x000002de   Section        0  libinit2.o(.ARM.Collect$$libinit$$00000004)
    .ARM.Collect$$libinit$$00000006          0x000002de   Section        0  libinit2.o(.ARM.Collect$$libinit$$00000006)
    .ARM.Collect$$libinit$$0000000C          0x000002de   Section        0  libinit2.o(.ARM.Collect$$libinit$$0000000C)
    .ARM.Collect$$libinit$$0000000E          0x000002de   Section        0  libinit2.o(.ARM.Collect$$libinit$$0000000E)
    .ARM.Collect$$libinit$$00000010          0x000002de   Section        0  libinit2.o(.ARM.Collect$$libinit$$00000010)
    .ARM.Collect$$libinit$$00000013          0x000002de   Section        0  libinit2.o(.ARM.Collect$$libinit$$00000013)
    .ARM.Collect$$libinit$$00000015          0x000002de   Section        0  libinit2.o(.ARM.Collect$$libinit$$00000015)
    .ARM.Collect$$libinit$$00000017          0x000002de   Section        0  libinit2.o(.ARM.Collect$$libinit$$00000017)
    .ARM.Collect$$libinit$$00000019          0x000002de   Section        0  libinit2.o(.ARM.Collect$$libinit$$00000019)
    .ARM.Collect$$libinit$$0000001B          0x000002de   Section        0  libinit2.o(.ARM.Collect$$libinit$$0000001B)
    .ARM.Collect$$libinit$$0000001D          0x000002de   Section        0  libinit2.o(.ARM.Collect$$libinit$$0000001D)
    .ARM.Collect$$libinit$$0000001F          0x000002de   Section        0  libinit2.o(.ARM.Collect$$libinit$$0000001F)
    .ARM.Collect$$libinit$$00000021          0x000002de   Section        0  libinit2.o(.ARM.Collect$$libinit$$00000021)
    .ARM.Collect$$libinit$$00000023          0x000002de   Section        0  libinit2.o(.ARM.Collect$$libinit$$00000023)
    .ARM.Collect$$libinit$$00000025          0x000002de   Section        0  libinit2.o(.ARM.Collect$$libinit$$00000025)
    .ARM.Collect$$libinit$$00000027          0x000002de   Section        0  libinit2.o(.ARM.Collect$$libinit$$00000027)
    .ARM.Collect$$libinit$$0000002E          0x000002de   Section        0  libinit2.o(.ARM.Collect$$libinit$$0000002E)
    .ARM.Collect$$libinit$$00000030          0x000002de   Section        0  libinit2.o(.ARM.Collect$$libinit$$00000030)
    .ARM.Collect$$libinit$$00000032          0x000002de   Section        0  libinit2.o(.ARM.Collect$$libinit$$00000032)
    .ARM.Collect$$libinit$$00000033          0x000002de   Section        4  libinit2.o(.ARM.Collect$$libinit$$00000033)
    .ARM.Collect$$libinit$$00000034          0x000002e2   Section        0  libinit2.o(.ARM.Collect$$libinit$$00000034)
    .ARM.Collect$$libinit$$00000035          0x000002e2   Section        2  libinit2.o(.ARM.Collect$$libinit$$00000035)
    .ARM.Collect$$libshutdown$$00000000      0x000002e4   Section        2  libshutdown.o(.ARM.Collect$$libshutdown$$00000000)
    .ARM.Collect$$libshutdown$$00000002      0x000002e6   Section        0  libshutdown2.o(.ARM.Collect$$libshutdown$$00000002)
    .ARM.Collect$$libshutdown$$00000004      0x000002e6   Section        0  libshutdown2.o(.ARM.Collect$$libshutdown$$00000004)
    .ARM.Collect$$libshutdown$$00000007      0x000002e6   Section        0  libshutdown2.o(.ARM.Collect$$libshutdown$$00000007)
    .ARM.Collect$$libshutdown$$0000000A      0x000002e6   Section        0  libshutdown2.o(.ARM.Collect$$libshutdown$$0000000A)
    .ARM.Collect$$libshutdown$$0000000C      0x000002e6   Section        0  libshutdown2.o(.ARM.Collect$$libshutdown$$0000000C)
    .ARM.Collect$$libshutdown$$0000000F      0x000002e6   Section        0  libshutdown2.o(.ARM.Collect$$libshutdown$$0000000F)
    .ARM.Collect$$libshutdown$$00000010      0x000002e6   Section        2  libshutdown2.o(.ARM.Collect$$libshutdown$$00000010)
    .ARM.Collect$$rtentry$$00000000          0x000002e8   Section        0  __rtentry.o(.ARM.Collect$$rtentry$$00000000)
    .ARM.Collect$$rtentry$$00000002          0x000002e8   Section        0  __rtentry2.o(.ARM.Collect$$rtentry$$00000002)
    .ARM.Collect$$rtentry$$00000004          0x000002e8   Section        6  __rtentry4.o(.ARM.Collect$$rtentry$$00000004)
    .ARM.Collect$$rtentry$$00000009          0x000002ee   Section        0  __rtentry2.o(.ARM.Collect$$rtentry$$00000009)
    .ARM.Collect$$rtentry$$0000000A          0x000002ee   Section        4  __rtentry2.o(.ARM.Collect$$rtentry$$0000000A)
    .ARM.Collect$$rtentry$$0000000C          0x000002f2   Section        0  __rtentry2.o(.ARM.Collect$$rtentry$$0000000C)
    .ARM.Collect$$rtentry$$0000000D          0x000002f2   Section        8  __rtentry2.o(.ARM.Collect$$rtentry$$0000000D)
    .ARM.Collect$$rtexit$$00000000           0x000002fa   Section        2  rtexit.o(.ARM.Collect$$rtexit$$00000000)
    .ARM.Collect$$rtexit$$00000002           0x000002fc   Section        0  rtexit2.o(.ARM.Collect$$rtexit$$00000002)
    .ARM.Collect$$rtexit$$00000003           0x000002fc   Section        4  rtexit2.o(.ARM.Collect$$rtexit$$00000003)
    .ARM.Collect$$rtexit$$00000004           0x00000300   Section        6  rtexit2.o(.ARM.Collect$$rtexit$$00000004)
    .text                                    0x00000308   Section       48  startup.o(.text)
    .text                                    0x00000338   Section      138  rt_memcpy_v6.o(.text)
    .text                                    0x000003c2   Section      100  rt_memcpy_w.o(.text)
    .text                                    0x00000426   Section        0  heapauxi.o(.text)
    .text                                    0x0000042c   Section        0  init_aeabi.o(.text)
    .text                                    0x00000450   Section       74  sys_stackheap_outer.o(.text)
    .text                                    0x0000049a   Section        0  exit.o(.text)
    .text                                    0x000004ac   Section        8  libspace.o(.text)
    .text                                    0x000004b4   Section        2  use_no_semi.o(.text)
    .text                                    0x000004b6   Section        0  indicate_semi.o(.text)
    .text                                    0x000004b8   Section        0  sys_exit.o(.text)
    [Anonymous Symbol]                       0x000004c4   Section        0  buttonled.o(.text.GPIOPortD_Handler)
    [Anonymous Symbol]                       0x00000608   Section        0  buttonled.o(.text.GPIOPortF_Handler)
    [Anonymous Symbol]                       0x000006c8   Section        0  sound.o(.text.SysTick_Handler)
    _GLOBAL__sub_I_Music.cpp                 0x000006e9   Thumb Code     8  music.o(.text._GLOBAL__sub_I_Music.cpp)
    [Anonymous Symbol]                       0x000006e8   Section        0  music.o(.text._GLOBAL__sub_I_Music.cpp)
    _GLOBAL__sub_I_MusicBox.cpp              0x000006f1   Thumb Code    16  musicbox.o(.text._GLOBAL__sub_I_MusicBox.cpp)
    [Anonymous Symbol]                       0x000006f0   Section        0  musicbox.o(.text._GLOBAL__sub_I_MusicBox.cpp)
    [Anonymous Symbol]                       0x00000700   Section        0  buttonled.o(.text._ZN11ButtonsLEDs14GPIOPortD_InitEv)
    [Anonymous Symbol]                       0x00000820   Section        0  buttonled.o(.text._ZN11ButtonsLEDs14GPIOPortF_InitEv)
    [Anonymous Symbol]                       0x00000940   Section        0  buttonled.o(.text._ZN11ButtonsLEDs4initEv)
    [Anonymous Symbol]                       0x00000958   Section        0  music.o(.text._ZN4SongC2Ev)
    [Anonymous Symbol]                       0x00000aa8   Section        0  music.o(.text._ZN5Music8nextSongEv)
    [Anonymous Symbol]                       0x00000ad0   Section        0  music.o(.text._ZN5Music8playSongEv)
    [Anonymous Symbol]                       0x00000c14   Section        0  music.o(.text._ZN5MusicC2Ev)
    [Anonymous Symbol]                       0x00000c4c   Section        0  piano.o(.text._ZN5Piano9playNoteCEv)
    [Anonymous Symbol]                       0x00000c8c   Section        0  piano.o(.text._ZN5Piano9playNoteDEv)
    [Anonymous Symbol]                       0x00000cd0   Section        0  piano.o(.text._ZN5Piano9playNoteEEv)
    [Anonymous Symbol]                       0x00000d14   Section        0  piano.o(.text._ZN5Piano9playNoteFEv)
    [Anonymous Symbol]                       0x00000d58   Section        0  musicbox.o(.text._ZN5PianoC2Ev)
    [Anonymous Symbol]                       0x00000d6c   Section        0  sound.o(.text._ZN5Sound10nextOctaveEv)
    [Anonymous Symbol]                       0x00000d8c   Section        0  sound.o(.text._ZN5Sound4initEv)
    [Anonymous Symbol]                       0x00000db8   Section        0  sound.o(.text._ZN5Sound4stopEv)
    [Anonymous Symbol]                       0x00000dd0   Section        0  sound.o(.text._ZN5Sound5DelayEv)
    [Anonymous Symbol]                       0x00000df4   Section        0  sound.o(.text._ZN5Sound5startEm)
    [Anonymous Symbol]                       0x00000e18   Section        0  sound.o(.text._ZN5Sound7getModeEv)
    [Anonymous Symbol]                       0x00000e28   Section        0  sound.o(.text._ZN5Sound7setModeEb)
    [Anonymous Symbol]                       0x00000e40   Section        0  sound.o(.text._ZN5Sound8DAC_InitEv)
    [Anonymous Symbol]                       0x00000ebc   Section        0  sound.o(.text._ZN5Sound9updateDACEv)
    [Anonymous Symbol]                       0x00000ee0   Section        0  musicbox.o(.text._ZN5SoundC2Ev)
    [Anonymous Symbol]                       0x00000f24   Section        0  sound.o(.text._ZN7SysTick16set_Current_NoteEm)
    [Anonymous Symbol]                       0x00000f48   Section        0  sound.o(.text._ZN7SysTick4initEv)
    [Anonymous Symbol]                       0x00000f78   Section        0  sound.o(.text._ZN7SysTick4stopEv)
    [Anonymous Symbol]                       0x00000f90   Section        0  sound.o(.text._ZN7SysTick5startEv)
    __cxx_global_var_init                    0x00000fa9   Thumb Code    16  musicbox.o(.text.__cxx_global_var_init)
    [Anonymous Symbol]                       0x00000fa8   Section        0  musicbox.o(.text.__cxx_global_var_init)
    __cxx_global_var_init                    0x00000fb9   Thumb Code    16  music.o(.text.__cxx_global_var_init)
    [Anonymous Symbol]                       0x00000fb8   Section        0  music.o(.text.__cxx_global_var_init)
    __cxx_global_var_init.1                  0x00000fc9   Thumb Code    16  musicbox.o(.text.__cxx_global_var_init.1)
    [Anonymous Symbol]                       0x00000fc8   Section        0  musicbox.o(.text.__cxx_global_var_init.1)
    __cxx_global_var_init.2                  0x00000fd9   Thumb Code    16  musicbox.o(.text.__cxx_global_var_init.2)
    [Anonymous Symbol]                       0x00000fd8   Section        0  musicbox.o(.text.__cxx_global_var_init.2)
    [Anonymous Symbol]                       0x00000fe8   Section        0  musicbox.o(.text.main)
    .Lconstinit                              0x0000104a   Data          64  musicbox.o(.rodata..Lconstinit)
    .Lconstinit                              0x0000108a   Data          52  music.o(.rodata..Lconstinit)
    .Lconstinit.1                            0x000010be   Data          86  music.o(.rodata..Lconstinit.1)
    .Lconstinit.3                            0x00001114   Data         112  musicbox.o(.rodata..Lconstinit.3)
    .init_array                              0x0000119c   Section        0  init_aeabi.o(.init_array)
    .bss                                     0x20000000   Section       96  libspace.o(.bss)
    HeapMem                                  0x20000420   Data           0  startup.o(HEAP)
    StackMem                                 0x20000420   Data           0  startup.o(STACK)
    HEAP                                     0x20000420   Section        0  startup.o(HEAP)
    STACK                                    0x20000420   Section     1024  startup.o(STACK)

    Global Symbols

    Symbol Name                              Value     Ov Type        Size  Object(Section)

    BuildAttributes$$THM_ISAv4$E$P$D$K$B$S$7EM$PE$A:L22UL41UL21$X:L11$S22US41US21$IEEE1$IW$~IW$USESV6$~STKCKD$USESV7$~SHL$OSPACE$ROPI$EBA8$UX$STANDARDLIB$REQ8$PRES8$EABIv2 0x00000000   Number         0  anon$$obj.o ABSOLUTE
    __Vectors                                0x00000000   Data           0  startup.o(RESET)
    __fp_init_empty                          0x00000000   Number         0  fpinit_empty.o ABSOLUTE
    __ARM_exceptions_init                     - Undefined Weak Reference
    __alloca_initialize                       - Undefined Weak Reference
    __arm_preinit_                            - Undefined Weak Reference
    __arm_relocate_pie_                       - Undefined Weak Reference
    __cxa_finalize                            - Undefined Weak Reference
    __rt_locale                               - Undefined Weak Reference
    __sigvec_lookup                           - Undefined Weak Reference
    _atexit_init                              - Undefined Weak Reference
    _call_atexit_fns                          - Undefined Weak Reference
    _clock_init                               - Undefined Weak Reference
    _fp_trap_init                             - Undefined Weak Reference
    _fp_trap_shutdown                         - Undefined Weak Reference
    _get_lc_collate                           - Undefined Weak Reference
    _get_lc_ctype                             - Undefined Weak Reference
    _get_lc_monetary                          - Undefined Weak Reference
    _get_lc_numeric                           - Undefined Weak Reference
    _get_lc_time                              - Undefined Weak Reference
    _getenv_init                              - Undefined Weak Reference
    _handle_redirection                       - Undefined Weak Reference
    _init_alloc                               - Undefined Weak Reference
    _init_user_alloc                          - Undefined Weak Reference
    _initio                                   - Undefined Weak Reference
    _rand_init                                - Undefined Weak Reference
    _signal_finish                            - Undefined Weak Reference
    _signal_init                              - Undefined Weak Reference
    _terminate_alloc                          - Undefined Weak Reference
    _terminate_user_alloc                     - Undefined Weak Reference
    _terminateio                              - Undefined Weak Reference
    Reset_Handler                            0x0000026d   Thumb Code     0  startup.o(RESET)
    NMI_Handler                              0x00000271   Thumb Code     2  startup.o(RESET)
    HardFault_Handler                        0x00000273   Thumb Code     2  startup.o(RESET)
    MemManage_Handler                        0x00000275   Thumb Code     2  startup.o(RESET)
    BusFault_Handler                         0x00000277   Thumb Code     2  startup.o(RESET)
    UsageFault_Handler                       0x00000279   Thumb Code     2  startup.o(RESET)
    SVC_Handler                              0x0000027b   Thumb Code     2  startup.o(RESET)
    DebugMon_Handler                         0x0000027d   Thumb Code     2  startup.o(RESET)
    PendSV_Handler                           0x0000027f   Thumb Code     2  startup.o(RESET)
    ADC0Seq0_Handler                         0x00000283   Thumb Code     0  startup.o(RESET)
    ADC0Seq1_Handler                         0x00000283   Thumb Code     0  startup.o(RESET)
    ADC0Seq2_Handler                         0x00000283   Thumb Code     0  startup.o(RESET)
    ADC0Seq3_Handler                         0x00000283   Thumb Code     0  startup.o(RESET)
    ADC1Seq0_Handler                         0x00000283   Thumb Code     0  startup.o(RESET)
    ADC1Seq1_Handler                         0x00000283   Thumb Code     0  startup.o(RESET)
    ADC1Seq2_Handler                         0x00000283   Thumb Code     0  startup.o(RESET)
    ADC1Seq3_Handler                         0x00000283   Thumb Code     0  startup.o(RESET)
    CAN0_Handler                             0x00000283   Thumb Code     0  startup.o(RESET)
    CAN1_Handler                             0x00000283   Thumb Code     0  startup.o(RESET)
    CAN2_Handler                             0x00000283   Thumb Code     0  startup.o(RESET)
    Comp0_Handler                            0x00000283   Thumb Code     0  startup.o(RESET)
    Comp1_Handler                            0x00000283   Thumb Code     0  startup.o(RESET)
    Comp2_Handler                            0x00000283   Thumb Code     0  startup.o(RESET)
    Ethernet_Handler                         0x00000283   Thumb Code     0  startup.o(RESET)
    ExtBus_Handler                           0x00000283   Thumb Code     0  startup.o(RESET)
    FPU_Handler                              0x00000283   Thumb Code     0  startup.o(RESET)
    Fan0_Handler                             0x00000283   Thumb Code     0  startup.o(RESET)
    FlashCtl_Handler                         0x00000283   Thumb Code     0  startup.o(RESET)
    GPIOPortA_Handler                        0x00000283   Thumb Code     0  startup.o(RESET)
    GPIOPortB_Handler                        0x00000283   Thumb Code     0  startup.o(RESET)
    GPIOPortC_Handler                        0x00000283   Thumb Code     0  startup.o(RESET)
    GPIOPortE_Handler                        0x00000283   Thumb Code     0  startup.o(RESET)
    GPIOPortG_Handler                        0x00000283   Thumb Code     0  startup.o(RESET)
    GPIOPortH_Handler                        0x00000283   Thumb Code     0  startup.o(RESET)
    GPIOPortJ_Handler                        0x00000283   Thumb Code     0  startup.o(RESET)
    GPIOPortK_Handler                        0x00000283   Thumb Code     0  startup.o(RESET)
    GPIOPortL_Handler                        0x00000283   Thumb Code     0  startup.o(RESET)
    GPIOPortM_Handler                        0x00000283   Thumb Code     0  startup.o(RESET)
    GPIOPortN_Handler                        0x00000283   Thumb Code     0  startup.o(RESET)
    GPIOPortP1_Handler                       0x00000283   Thumb Code     0  startup.o(RESET)
    GPIOPortP2_Handler                       0x00000283   Thumb Code     0  startup.o(RESET)
    GPIOPortP3_Handler                       0x00000283   Thumb Code     0  startup.o(RESET)
    GPIOPortP4_Handler                       0x00000283   Thumb Code     0  startup.o(RESET)
    GPIOPortP5_Handler                       0x00000283   Thumb Code     0  startup.o(RESET)
    GPIOPortP6_Handler                       0x00000283   Thumb Code     0  startup.o(RESET)
    GPIOPortP7_Handler                       0x00000283   Thumb Code     0  startup.o(RESET)
    GPIOPortP_Handler                        0x00000283   Thumb Code     0  startup.o(RESET)
    GPIOPortQ1_Handler                       0x00000283   Thumb Code     0  startup.o(RESET)
    GPIOPortQ2_Handler                       0x00000283   Thumb Code     0  startup.o(RESET)
    GPIOPortQ3_Handler                       0x00000283   Thumb Code     0  startup.o(RESET)
    GPIOPortQ4_Handler                       0x00000283   Thumb Code     0  startup.o(RESET)
    GPIOPortQ5_Handler                       0x00000283   Thumb Code     0  startup.o(RESET)
    GPIOPortQ6_Handler                       0x00000283   Thumb Code     0  startup.o(RESET)
    GPIOPortQ7_Handler                       0x00000283   Thumb Code     0  startup.o(RESET)
    GPIOPortQ_Handler                        0x00000283   Thumb Code     0  startup.o(RESET)
    GPIOPortR_Handler                        0x00000283   Thumb Code     0  startup.o(RESET)
    GPIOPortS_Handler                        0x00000283   Thumb Code     0  startup.o(RESET)
    Hibernate_Handler                        0x00000283   Thumb Code     0  startup.o(RESET)
    I2C0_Handler                             0x00000283   Thumb Code     0  startup.o(RESET)
    I2C1_Handler                             0x00000283   Thumb Code     0  startup.o(RESET)
    I2C2_Handler                             0x00000283   Thumb Code     0  startup.o(RESET)
    I2C3_Handler                             0x00000283   Thumb Code     0  startup.o(RESET)
    I2C4_Handler                             0x00000283   Thumb Code     0  startup.o(RESET)
    I2C5_Handler                             0x00000283   Thumb Code     0  startup.o(RESET)
    I2S0_Handler                             0x00000283   Thumb Code     0  startup.o(RESET)
    LPC0_Handler                             0x00000283   Thumb Code     0  startup.o(RESET)
    PECI0_Handler                            0x00000283   Thumb Code     0  startup.o(RESET)
    PWM0Fault_Handler                        0x00000283   Thumb Code     0  startup.o(RESET)
    PWM0Generator0_Handler                   0x00000283   Thumb Code     0  startup.o(RESET)
    PWM0Generator1_Handler                   0x00000283   Thumb Code     0  startup.o(RESET)
    PWM0Generator2_Handler                   0x00000283   Thumb Code     0  startup.o(RESET)
    PWM0Generator3_Handler                   0x00000283   Thumb Code     0  startup.o(RESET)
    PWM1Fault_Handler                        0x00000283   Thumb Code     0  startup.o(RESET)
    PWM1Generator0_Handler                   0x00000283   Thumb Code     0  startup.o(RESET)
    PWM1Generator1_Handler                   0x00000283   Thumb Code     0  startup.o(RESET)
    PWM1Generator2_Handler                   0x00000283   Thumb Code     0  startup.o(RESET)
    PWM1Generator3_Handler                   0x00000283   Thumb Code     0  startup.o(RESET)
    Quadrature0_Handler                      0x00000283   Thumb Code     0  startup.o(RESET)
    Quadrature1_Handler                      0x00000283   Thumb Code     0  startup.o(RESET)
    Quadrature2_Handler                      0x00000283   Thumb Code     0  startup.o(RESET)
    SSI0_Handler                             0x00000283   Thumb Code     0  startup.o(RESET)
    SSI1_Handler                             0x00000283   Thumb Code     0  startup.o(RESET)
    SSI2_Handler                             0x00000283   Thumb Code     0  startup.o(RESET)
    SSI3_Handler                             0x00000283   Thumb Code     0  startup.o(RESET)
    SysCtl_Handler                           0x00000283   Thumb Code     0  startup.o(RESET)
    Timer0A_Handler                          0x00000283   Thumb Code     0  startup.o(RESET)
    Timer0B_Handler                          0x00000283   Thumb Code     0  startup.o(RESET)
    Timer1A_Handler                          0x00000283   Thumb Code     0  startup.o(RESET)
    Timer1B_Handler                          0x00000283   Thumb Code     0  startup.o(RESET)
    Timer2A_Handler                          0x00000283   Thumb Code     0  startup.o(RESET)
    Timer2B_Handler                          0x00000283   Thumb Code     0  startup.o(RESET)
    Timer3A_Handler                          0x00000283   Thumb Code     0  startup.o(RESET)
    Timer3B_Handler                          0x00000283   Thumb Code     0  startup.o(RESET)
    Timer4A_Handler                          0x00000283   Thumb Code     0  startup.o(RESET)
    Timer4B_Handler                          0x00000283   Thumb Code     0  startup.o(RESET)
    Timer5A_Handler                          0x00000283   Thumb Code     0  startup.o(RESET)
    Timer5B_Handler                          0x00000283   Thumb Code     0  startup.o(RESET)
    UART0_Handler                            0x00000283   Thumb Code     0  startup.o(RESET)
    UART1_Handler                            0x00000283   Thumb Code     0  startup.o(RESET)
    UART2_Handler                            0x00000283   Thumb Code     0  startup.o(RESET)
    UART3_Handler                            0x00000283   Thumb Code     0  startup.o(RESET)
    UART4_Handler                            0x00000283   Thumb Code     0  startup.o(RESET)
    UART5_Handler                            0x00000283   Thumb Code     0  startup.o(RESET)
    UART6_Handler                            0x00000283   Thumb Code     0  startup.o(RESET)
    UART7_Handler                            0x00000283   Thumb Code     0  startup.o(RESET)
    USB0_Handler                             0x00000283   Thumb Code     0  startup.o(RESET)
    WDT_Handler                              0x00000283   Thumb Code     0  startup.o(RESET)
    WideTimer0A_Handler                      0x00000283   Thumb Code     0  startup.o(RESET)
    WideTimer0B_Handler                      0x00000283   Thumb Code     0  startup.o(RESET)
    WideTimer1A_Handler                      0x00000283   Thumb Code     0  startup.o(RESET)
    WideTimer1B_Handler                      0x00000283   Thumb Code     0  startup.o(RESET)
    WideTimer2A_Handler                      0x00000283   Thumb Code     0  startup.o(RESET)
    WideTimer2B_Handler                      0x00000283   Thumb Code     0  startup.o(RESET)
    WideTimer3A_Handler                      0x00000283   Thumb Code     0  startup.o(RESET)
    WideTimer3B_Handler                      0x00000283   Thumb Code     0  startup.o(RESET)
    WideTimer4A_Handler                      0x00000283   Thumb Code     0  startup.o(RESET)
    WideTimer4B_Handler                      0x00000283   Thumb Code     0  startup.o(RESET)
    WideTimer5A_Handler                      0x00000283   Thumb Code     0  startup.o(RESET)
    WideTimer5B_Handler                      0x00000283   Thumb Code     0  startup.o(RESET)
    uDMA_Error                               0x00000283   Thumb Code     0  startup.o(RESET)
    uDMA_Handler                             0x00000283   Thumb Code     0  startup.o(RESET)
    __main                                   0x00000285   Thumb Code     8  __main.o(!!!main)
    __scatterload                            0x0000028d   Thumb Code     0  __scatter.o(!!!scatter)
    __scatterload_rt2                        0x0000028d   Thumb Code    44  __scatter.o(!!!scatter)
    __scatterload_rt2_thumb_only             0x0000028d   Thumb Code     0  __scatter.o(!!!scatter)
    __scatterload_null                       0x0000029b   Thumb Code     0  __scatter.o(!!!scatter)
    __scatterload_zeroinit                   0x000002c1   Thumb Code    28  __scatter_zi.o(!!handler_zi)
    __rt_lib_init                            0x000002dd   Thumb Code     0  libinit.o(.ARM.Collect$$libinit$$00000000)
    __rt_lib_init_alloca_1                   0x000002df   Thumb Code     0  libinit2.o(.ARM.Collect$$libinit$$00000030)
    __rt_lib_init_argv_1                     0x000002df   Thumb Code     0  libinit2.o(.ARM.Collect$$libinit$$0000002E)
    __rt_lib_init_atexit_1                   0x000002df   Thumb Code     0  libinit2.o(.ARM.Collect$$libinit$$0000001D)
    __rt_lib_init_clock_1                    0x000002df   Thumb Code     0  libinit2.o(.ARM.Collect$$libinit$$00000023)
    __rt_lib_init_cpp_2                      0x000002df   Thumb Code     0  libinit2.o(.ARM.Collect$$libinit$$00000033)
    __rt_lib_init_exceptions_1               0x000002df   Thumb Code     0  libinit2.o(.ARM.Collect$$libinit$$00000032)
    __rt_lib_init_fp_1                       0x000002df   Thumb Code     0  libinit2.o(.ARM.Collect$$libinit$$00000002)
    __rt_lib_init_fp_trap_1                  0x000002df   Thumb Code     0  libinit2.o(.ARM.Collect$$libinit$$00000021)
    __rt_lib_init_getenv_1                   0x000002df   Thumb Code     0  libinit2.o(.ARM.Collect$$libinit$$00000025)
    __rt_lib_init_heap_1                     0x000002df   Thumb Code     0  libinit2.o(.ARM.Collect$$libinit$$0000000C)
    __rt_lib_init_lc_collate_1               0x000002df   Thumb Code     0  libinit2.o(.ARM.Collect$$libinit$$00000013)
    __rt_lib_init_lc_ctype_1                 0x000002df   Thumb Code     0  libinit2.o(.ARM.Collect$$libinit$$00000015)
    __rt_lib_init_lc_monetary_1              0x000002df   Thumb Code     0  libinit2.o(.ARM.Collect$$libinit$$00000017)
    __rt_lib_init_lc_numeric_1               0x000002df   Thumb Code     0  libinit2.o(.ARM.Collect$$libinit$$00000019)
    __rt_lib_init_lc_time_1                  0x000002df   Thumb Code     0  libinit2.o(.ARM.Collect$$libinit$$0000001B)
    __rt_lib_init_preinit_1                  0x000002df   Thumb Code     0  libinit2.o(.ARM.Collect$$libinit$$00000006)
    __rt_lib_init_rand_1                     0x000002df   Thumb Code     0  libinit2.o(.ARM.Collect$$libinit$$00000010)
    __rt_lib_init_relocate_pie_1             0x000002df   Thumb Code     0  libinit2.o(.ARM.Collect$$libinit$$00000004)
    __rt_lib_init_signal_1                   0x000002df   Thumb Code     0  libinit2.o(.ARM.Collect$$libinit$$0000001F)
    __rt_lib_init_stdio_1                    0x000002df   Thumb Code     0  libinit2.o(.ARM.Collect$$libinit$$00000027)
    __rt_lib_init_user_alloc_1               0x000002df   Thumb Code     0  libinit2.o(.ARM.Collect$$libinit$$0000000E)
    __rt_lib_init_cpp_1                      0x000002e3   Thumb Code     0  libinit2.o(.ARM.Collect$$libinit$$00000034)
    __rt_lib_init_return                     0x000002e3   Thumb Code     0  libinit2.o(.ARM.Collect$$libinit$$00000035)
    __rt_lib_shutdown                        0x000002e5   Thumb Code     0  libshutdown.o(.ARM.Collect$$libshutdown$$00000000)
    __rt_lib_shutdown_cpp_1                  0x000002e7   Thumb Code     0  libshutdown2.o(.ARM.Collect$$libshutdown$$00000002)
    __rt_lib_shutdown_fp_trap_1              0x000002e7   Thumb Code     0  libshutdown2.o(.ARM.Collect$$libshutdown$$00000007)
    __rt_lib_shutdown_heap_1                 0x000002e7   Thumb Code     0  libshutdown2.o(.ARM.Collect$$libshutdown$$0000000F)
    __rt_lib_shutdown_return                 0x000002e7   Thumb Code     0  libshutdown2.o(.ARM.Collect$$libshutdown$$00000010)
    __rt_lib_shutdown_signal_1               0x000002e7   Thumb Code     0  libshutdown2.o(.ARM.Collect$$libshutdown$$0000000A)
    __rt_lib_shutdown_stdio_1                0x000002e7   Thumb Code     0  libshutdown2.o(.ARM.Collect$$libshutdown$$00000004)
    __rt_lib_shutdown_user_alloc_1           0x000002e7   Thumb Code     0  libshutdown2.o(.ARM.Collect$$libshutdown$$0000000C)
    __rt_entry                               0x000002e9   Thumb Code     0  __rtentry.o(.ARM.Collect$$rtentry$$00000000)
    __rt_entry_presh_1                       0x000002e9   Thumb Code     0  __rtentry2.o(.ARM.Collect$$rtentry$$00000002)
    __rt_entry_sh                            0x000002e9   Thumb Code     0  __rtentry4.o(.ARM.Collect$$rtentry$$00000004)
    __rt_entry_li                            0x000002ef   Thumb Code     0  __rtentry2.o(.ARM.Collect$$rtentry$$0000000A)
    __rt_entry_postsh_1                      0x000002ef   Thumb Code     0  __rtentry2.o(.ARM.Collect$$rtentry$$00000009)
    __rt_entry_main                          0x000002f3   Thumb Code     0  __rtentry2.o(.ARM.Collect$$rtentry$$0000000D)
    __rt_entry_postli_1                      0x000002f3   Thumb Code     0  __rtentry2.o(.ARM.Collect$$rtentry$$0000000C)
    __rt_exit                                0x000002fb   Thumb Code     0  rtexit.o(.ARM.Collect$$rtexit$$00000000)
    __rt_exit_ls                             0x000002fd   Thumb Code     0  rtexit2.o(.ARM.Collect$$rtexit$$00000003)
    __rt_exit_prels_1                        0x000002fd   Thumb Code     0  rtexit2.o(.ARM.Collect$$rtexit$$00000002)
    __rt_exit_exit                           0x00000301   Thumb Code     0  rtexit2.o(.ARM.Collect$$rtexit$$00000004)
    DisableInterrupts                        0x00000309   Thumb Code     0  startup.o(.text)
    EnableInterrupts                         0x0000030d   Thumb Code     0  startup.o(.text)
    StartCritical                            0x00000311   Thumb Code     0  startup.o(.text)
    EndCritical                              0x00000319   Thumb Code     0  startup.o(.text)
    WaitForInterrupt                         0x0000031f   Thumb Code     0  startup.o(.text)
    __user_initial_stackheap                 0x00000323   Thumb Code     0  startup.o(.text)
    __aeabi_memcpy                           0x00000339   Thumb Code     0  rt_memcpy_v6.o(.text)
    __rt_memcpy                              0x00000339   Thumb Code   138  rt_memcpy_v6.o(.text)
    _memcpy_lastbytes                        0x0000039f   Thumb Code     0  rt_memcpy_v6.o(.text)
    __aeabi_memcpy4                          0x000003c3   Thumb Code     0  rt_memcpy_w.o(.text)
    __aeabi_memcpy8                          0x000003c3   Thumb Code     0  rt_memcpy_w.o(.text)
    __rt_memcpy_w                            0x000003c3   Thumb Code   100  rt_memcpy_w.o(.text)
    _memcpy_lastbytes_aligned                0x0000040b   Thumb Code     0  rt_memcpy_w.o(.text)
    __use_two_region_memory                  0x00000427   Thumb Code     2  heapauxi.o(.text)
    __rt_heap_escrow$2region                 0x00000429   Thumb Code     2  heapauxi.o(.text)
    __rt_heap_expand$2region                 0x0000042b   Thumb Code     2  heapauxi.o(.text)
    __cpp_initialize__aeabi_                 0x0000042d   Thumb Code    28  init_aeabi.o(.text)
    __user_setup_stackheap                   0x00000451   Thumb Code    74  sys_stackheap_outer.o(.text)
    exit                                     0x0000049b   Thumb Code    18  exit.o(.text)
    __user_libspace                          0x000004ad   Thumb Code     8  libspace.o(.text)
    __user_perproc_libspace                  0x000004ad   Thumb Code     0  libspace.o(.text)
    __user_perthread_libspace                0x000004ad   Thumb Code     0  libspace.o(.text)
    __I$use$semihosting                      0x000004b5   Thumb Code     0  use_no_semi.o(.text)
    __use_no_semihosting_swi                 0x000004b5   Thumb Code     2  use_no_semi.o(.text)
    __semihosting_library_function           0x000004b7   Thumb Code     0  indicate_semi.o(.text)
    _sys_exit                                0x000004b9   Thumb Code     8  sys_exit.o(.text)
    GPIOPortD_Handler                        0x000004c5   Thumb Code   322  buttonled.o(.text.GPIOPortD_Handler)
    GPIOPortF_Handler                        0x00000609   Thumb Code   190  buttonled.o(.text.GPIOPortF_Handler)
    SysTick_Handler                          0x000006c9   Thumb Code    32  sound.o(.text.SysTick_Handler)
    ButtonsLEDs::GPIOPortD_Init()            0x00000701   Thumb Code   288  buttonled.o(.text._ZN11ButtonsLEDs14GPIOPortD_InitEv)
    ButtonsLEDs::GPIOPortF_Init()            0x00000821   Thumb Code   288  buttonled.o(.text._ZN11ButtonsLEDs14GPIOPortF_InitEv)
    ButtonsLEDs::init()                      0x00000941   Thumb Code    24  buttonled.o(.text._ZN11ButtonsLEDs4initEv)
    Song::Song__sub_object()                 0x00000959   Thumb Code   334  music.o(.text._ZN4SongC2Ev)
    Music::nextSong()                        0x00000aa9   Thumb Code    40  music.o(.text._ZN5Music8nextSongEv)
    Music::playSong()                        0x00000ad1   Thumb Code   324  music.o(.text._ZN5Music8playSongEv)
    Music::Music()                           0x00000c15   Thumb Code    56  music.o(.text._ZN5MusicC2Ev)
    Music::Music__sub_object()               0x00000c15   Thumb Code    56  music.o(.text._ZN5MusicC2Ev)
    Piano::playNoteC()                       0x00000c4d   Thumb Code    64  piano.o(.text._ZN5Piano9playNoteCEv)
    Piano::playNoteD()                       0x00000c8d   Thumb Code    66  piano.o(.text._ZN5Piano9playNoteDEv)
    Piano::playNoteE()                       0x00000cd1   Thumb Code    66  piano.o(.text._ZN5Piano9playNoteEEv)
    Piano::playNoteF()                       0x00000d15   Thumb Code    66  piano.o(.text._ZN5Piano9playNoteFEv)
    Piano::Piano__sub_object()               0x00000d59   Thumb Code    20  musicbox.o(.text._ZN5PianoC2Ev)
    Sound::nextOctave()                      0x00000d6d   Thumb Code    30  sound.o(.text._ZN5Sound10nextOctaveEv)
    Sound::init()                            0x00000d8d   Thumb Code    42  sound.o(.text._ZN5Sound4initEv)
    Sound::stop()                            0x00000db9   Thumb Code    22  sound.o(.text._ZN5Sound4stopEv)
    Sound::Delay()                           0x00000dd1   Thumb Code    34  sound.o(.text._ZN5Sound5DelayEv)
    Sound::start(unsigned long)              0x00000df5   Thumb Code    36  sound.o(.text._ZN5Sound5startEm)
    Sound::getMode()                         0x00000e19   Thumb Code    16  sound.o(.text._ZN5Sound7getModeEv)
    Sound::setMode(bool)                     0x00000e29   Thumb Code    24  sound.o(.text._ZN5Sound7setModeEb)
    Sound::DAC_Init()                        0x00000e41   Thumb Code   124  sound.o(.text._ZN5Sound8DAC_InitEv)
    Sound::updateDAC()                       0x00000ebd   Thumb Code    36  sound.o(.text._ZN5Sound9updateDACEv)
    Sound::Sound__sub_object()               0x00000ee1   Thumb Code    66  musicbox.o(.text._ZN5SoundC2Ev)
    SysTick::set_Current_Note(unsigned long) 0x00000f25   Thumb Code    36  sound.o(.text._ZN7SysTick16set_Current_NoteEm)
    SysTick::init()                          0x00000f49   Thumb Code    46  sound.o(.text._ZN7SysTick4initEv)
    SysTick::stop()                          0x00000f79   Thumb Code    24  sound.o(.text._ZN7SysTick4stopEv)
    SysTick::start()                         0x00000f91   Thumb Code    24  sound.o(.text._ZN7SysTick5startEv)
    main                                     0x00000fe9   Thumb Code    98  musicbox.o(.text.main)
    Region$$Table$$Base                      0x00001184   Number         0  anon$$obj.o(Region$$Table)
    Region$$Table$$Limit                     0x00001194   Number         0  anon$$obj.o(Region$$Table)
    SHT$$INIT_ARRAY$$Base                    0x00001194   Number         0  musicbox.o(.init_array)
    SHT$$INIT_ARRAY$$Limit                   0x0000119c   Number         0  init_aeabi.o(.init_array)
    __libspace_start                         0x20000000   Data          96  libspace.o(.bss)
    __temporary_stack_top$libspace           0x20000060   Data           0  libspace.o(.bss)
    buttonsLEDs                              0x20000060   Data           1  musicbox.o(.bss.buttonsLEDs)
    music                                    0x20000064   Data         200  musicbox.o(.bss.music)
    piano                                    0x2000012c   Data         184  musicbox.o(.bss.piano)
    song                                     0x200001e4   Data         380  music.o(.bss.song)
    sound                                    0x20000360   Data         184  musicbox.o(.bss.sound)
    systick                                  0x20000418   Data           1  sound.o(.bss.systick)



==============================================================================

Memory Map of the image

  Image Entry point : 0x0000026d

  Load Region LR_1 (Base: 0x00000000, Size: 0x0000119c, Max: 0xffffffff, ABSOLUTE)

    Execution Region ER_RO (Exec base: 0x00000000, Load base: 0x00000000, Size: 0x0000119c, Max: 0xffffffff, ABSOLUTE)

    Exec Addr    Load Addr    Size         Type   Attr      Idx    E Section Name        Object

    0x00000000   0x00000000   0x00000284   Code   RO            3  * RESET               startup.o
    0x00000284   0x00000284   0x00000008   Code   RO          161  * !!!main             c_w.l(__main.o)
    0x0000028c   0x0000028c   0x00000034   Code   RO          335    !!!scatter          c_w.l(__scatter.o)
    0x000002c0   0x000002c0   0x0000001c   Code   RO          337    !!handler_zi        c_w.l(__scatter_zi.o)
    0x000002dc   0x000002dc   0x00000002   Code   RO          253    .ARM.Collect$$libinit$$00000000  c_w.l(libinit.o)
    0x000002de   0x000002de   0x00000000   Code   RO          171    .ARM.Collect$$libinit$$00000002  c_w.l(libinit2.o)
    0x000002de   0x000002de   0x00000000   Code   RO          173    .ARM.Collect$$libinit$$00000004  c_w.l(libinit2.o)
    0x000002de   0x000002de   0x00000000   Code   RO          175    .ARM.Collect$$libinit$$00000006  c_w.l(libinit2.o)
    0x000002de   0x000002de   0x00000000   Code   RO          178    .ARM.Collect$$libinit$$0000000C  c_w.l(libinit2.o)
    0x000002de   0x000002de   0x00000000   Code   RO          180    .ARM.Collect$$libinit$$0000000E  c_w.l(libinit2.o)
    0x000002de   0x000002de   0x00000000   Code   RO          182    .ARM.Collect$$libinit$$00000010  c_w.l(libinit2.o)
    0x000002de   0x000002de   0x00000000   Code   RO          185    .ARM.Collect$$libinit$$00000013  c_w.l(libinit2.o)
    0x000002de   0x000002de   0x00000000   Code   RO          187    .ARM.Collect$$libinit$$00000015  c_w.l(libinit2.o)
    0x000002de   0x000002de   0x00000000   Code   RO          189    .ARM.Collect$$libinit$$00000017  c_w.l(libinit2.o)
    0x000002de   0x000002de   0x00000000   Code   RO          191    .ARM.Collect$$libinit$$00000019  c_w.l(libinit2.o)
    0x000002de   0x000002de   0x00000000   Code   RO          193    .ARM.Collect$$libinit$$0000001B  c_w.l(libinit2.o)
    0x000002de   0x000002de   0x00000000   Code   RO          195    .ARM.Collect$$libinit$$0000001D  c_w.l(libinit2.o)
    0x000002de   0x000002de   0x00000000   Code   RO          197    .ARM.Collect$$libinit$$0000001F  c_w.l(libinit2.o)
    0x000002de   0x000002de   0x00000000   Code   RO          199    .ARM.Collect$$libinit$$00000021  c_w.l(libinit2.o)
    0x000002de   0x000002de   0x00000000   Code   RO          201    .ARM.Collect$$libinit$$00000023  c_w.l(libinit2.o)
    0x000002de   0x000002de   0x00000000   Code   RO          203    .ARM.Collect$$libinit$$00000025  c_w.l(libinit2.o)
    0x000002de   0x000002de   0x00000000   Code   RO          205    .ARM.Collect$$libinit$$00000027  c_w.l(libinit2.o)
    0x000002de   0x000002de   0x00000000   Code   RO          209    .ARM.Collect$$libinit$$0000002E  c_w.l(libinit2.o)
    0x000002de   0x000002de   0x00000000   Code   RO          211    .ARM.Collect$$libinit$$00000030  c_w.l(libinit2.o)
    0x000002de   0x000002de   0x00000000   Code   RO          213    .ARM.Collect$$libinit$$00000032  c_w.l(libinit2.o)
    0x000002de   0x000002de   0x00000004   Code   RO          214    .ARM.Collect$$libinit$$00000033  c_w.l(libinit2.o)
    0x000002e2   0x000002e2   0x00000000   Code   RO          215    .ARM.Collect$$libinit$$00000034  c_w.l(libinit2.o)
    0x000002e2   0x000002e2   0x00000002   Code   RO          216    .ARM.Collect$$libinit$$00000035  c_w.l(libinit2.o)
    0x000002e4   0x000002e4   0x00000002   Code   RO          295    .ARM.Collect$$libshutdown$$00000000  c_w.l(libshutdown.o)
    0x000002e6   0x000002e6   0x00000000   Code   RO          303    .ARM.Collect$$libshutdown$$00000002  c_w.l(libshutdown2.o)
    0x000002e6   0x000002e6   0x00000000   Code   RO          305    .ARM.Collect$$libshutdown$$00000004  c_w.l(libshutdown2.o)
    0x000002e6   0x000002e6   0x00000000   Code   RO          308    .ARM.Collect$$libshutdown$$00000007  c_w.l(libshutdown2.o)
    0x000002e6   0x000002e6   0x00000000   Code   RO          311    .ARM.Collect$$libshutdown$$0000000A  c_w.l(libshutdown2.o)
    0x000002e6   0x000002e6   0x00000000   Code   RO          313    .ARM.Collect$$libshutdown$$0000000C  c_w.l(libshutdown2.o)
    0x000002e6   0x000002e6   0x00000000   Code   RO          316    .ARM.Collect$$libshutdown$$0000000F  c_w.l(libshutdown2.o)
    0x000002e6   0x000002e6   0x00000002   Code   RO          317    .ARM.Collect$$libshutdown$$00000010  c_w.l(libshutdown2.o)
    0x000002e8   0x000002e8   0x00000000   Code   RO          169    .ARM.Collect$$rtentry$$00000000  c_w.l(__rtentry.o)
    0x000002e8   0x000002e8   0x00000000   Code   RO          222    .ARM.Collect$$rtentry$$00000002  c_w.l(__rtentry2.o)
    0x000002e8   0x000002e8   0x00000006   Code   RO          234    .ARM.Collect$$rtentry$$00000004  c_w.l(__rtentry4.o)
    0x000002ee   0x000002ee   0x00000000   Code   RO          224    .ARM.Collect$$rtentry$$00000009  c_w.l(__rtentry2.o)
    0x000002ee   0x000002ee   0x00000004   Code   RO          225    .ARM.Collect$$rtentry$$0000000A  c_w.l(__rtentry2.o)
    0x000002f2   0x000002f2   0x00000000   Code   RO          227    .ARM.Collect$$rtentry$$0000000C  c_w.l(__rtentry2.o)
    0x000002f2   0x000002f2   0x00000008   Code   RO          228    .ARM.Collect$$rtentry$$0000000D  c_w.l(__rtentry2.o)
    0x000002fa   0x000002fa   0x00000002   Code   RO          261    .ARM.Collect$$rtexit$$00000000  c_w.l(rtexit.o)
    0x000002fc   0x000002fc   0x00000000   Code   RO          273    .ARM.Collect$$rtexit$$00000002  c_w.l(rtexit2.o)
    0x000002fc   0x000002fc   0x00000004   Code   RO          274    .ARM.Collect$$rtexit$$00000003  c_w.l(rtexit2.o)
    0x00000300   0x00000300   0x00000006   Code   RO          275    .ARM.Collect$$rtexit$$00000004  c_w.l(rtexit2.o)
    0x00000306   0x00000306   0x00000002   PAD
    0x00000308   0x00000308   0x00000030   Code   RO            4    .text               startup.o
    0x00000338   0x00000338   0x0000008a   Code   RO          155    .text               c_w.l(rt_memcpy_v6.o)
    0x000003c2   0x000003c2   0x00000064   Code   RO          157    .text               c_w.l(rt_memcpy_w.o)
    0x00000426   0x00000426   0x00000006   Code   RO          159    .text               c_w.l(heapauxi.o)
    0x0000042c   0x0000042c   0x00000024   Code   RO          166    .text               c_w.l(init_aeabi.o)
    0x00000450   0x00000450   0x0000004a   Code   RO          240    .text               c_w.l(sys_stackheap_outer.o)
    0x0000049a   0x0000049a   0x00000012   Code   RO          242    .text               c_w.l(exit.o)
    0x000004ac   0x000004ac   0x00000008   Code   RO          258    .text               c_w.l(libspace.o)
    0x000004b4   0x000004b4   0x00000002   Code   RO          269    .text               c_w.l(use_no_semi.o)
    0x000004b6   0x000004b6   0x00000000   Code   RO          271    .text               c_w.l(indicate_semi.o)
    0x000004b6   0x000004b6   0x00000002   PAD
    0x000004b8   0x000004b8   0x0000000c   Code   RO          285    .text               c_w.l(sys_exit.o)
    0x000004c4   0x000004c4   0x00000142   Code   RO          143    .text.GPIOPortD_Handler  buttonled.o
    0x00000606   0x00000606   0x00000002   PAD
    0x00000608   0x00000608   0x000000be   Code   RO          145    .text.GPIOPortF_Handler  buttonled.o
    0x000006c6   0x000006c6   0x00000002   PAD
    0x000006c8   0x000006c8   0x00000020   Code   RO           92    .text.SysTick_Handler  sound.o
    0x000006e8   0x000006e8   0x00000008   Code   RO           56    .text._GLOBAL__sub_I_Music.cpp  music.o
    0x000006f0   0x000006f0   0x00000010   Code   RO           21    .text._GLOBAL__sub_I_MusicBox.cpp  musicbox.o
    0x00000700   0x00000700   0x00000120   Code   RO          139    .text._ZN11ButtonsLEDs14GPIOPortD_InitEv  buttonled.o
    0x00000820   0x00000820   0x00000120   Code   RO          137    .text._ZN11ButtonsLEDs14GPIOPortF_InitEv  buttonled.o
    0x00000940   0x00000940   0x00000018   Code   RO          141    .text._ZN11ButtonsLEDs4initEv  buttonled.o
    0x00000958   0x00000958   0x0000014e   Code   RO           70    .text._ZN4SongC2Ev  music.o
    0x00000aa6   0x00000aa6   0x00000002   PAD
    0x00000aa8   0x00000aa8   0x00000028   Code   RO           46    .text._ZN5Music8nextSongEv  music.o
    0x00000ad0   0x00000ad0   0x00000144   Code   RO           54    .text._ZN5Music8playSongEv  music.o
    0x00000c14   0x00000c14   0x00000038   Code   RO           44    .text._ZN5MusicC2Ev  music.o
    0x00000c4c   0x00000c4c   0x00000040   Code   RO          110    .text._ZN5Piano9playNoteCEv  piano.o
    0x00000c8c   0x00000c8c   0x00000042   Code   RO          112    .text._ZN5Piano9playNoteDEv  piano.o
    0x00000cce   0x00000cce   0x00000002   PAD
    0x00000cd0   0x00000cd0   0x00000042   Code   RO          114    .text._ZN5Piano9playNoteEEv  piano.o
    0x00000d12   0x00000d12   0x00000002   PAD
    0x00000d14   0x00000d14   0x00000042   Code   RO          116    .text._ZN5Piano9playNoteFEv  piano.o
    0x00000d56   0x00000d56   0x00000002   PAD
    0x00000d58   0x00000d58   0x00000014   Code   RO           39    .text._ZN5PianoC2Ev  musicbox.o
    0x00000d6c   0x00000d6c   0x0000001e   Code   RO           84    .text._ZN5Sound10nextOctaveEv  sound.o
    0x00000d8a   0x00000d8a   0x00000002   PAD
    0x00000d8c   0x00000d8c   0x0000002a   Code   RO           76    .text._ZN5Sound4initEv  sound.o
    0x00000db6   0x00000db6   0x00000002   PAD
    0x00000db8   0x00000db8   0x00000016   Code   RO           82    .text._ZN5Sound4stopEv  sound.o
    0x00000dce   0x00000dce   0x00000002   PAD
    0x00000dd0   0x00000dd0   0x00000022   Code   RO           86    .text._ZN5Sound5DelayEv  sound.o
    0x00000df2   0x00000df2   0x00000002   PAD
    0x00000df4   0x00000df4   0x00000024   Code   RO           80    .text._ZN5Sound5startEm  sound.o
    0x00000e18   0x00000e18   0x00000010   Code   RO           90    .text._ZN5Sound7getModeEv  sound.o
    0x00000e28   0x00000e28   0x00000018   Code   RO           88    .text._ZN5Sound7setModeEb  sound.o
    0x00000e40   0x00000e40   0x0000007c   Code   RO           74    .text._ZN5Sound8DAC_InitEv  sound.o
    0x00000ebc   0x00000ebc   0x00000024   Code   RO           78    .text._ZN5Sound9updateDACEv  sound.o
    0x00000ee0   0x00000ee0   0x00000042   Code   RO           37    .text._ZN5SoundC2Ev  musicbox.o
    0x00000f22   0x00000f22   0x00000002   PAD
    0x00000f24   0x00000f24   0x00000024   Code   RO          103    .text._ZN7SysTick16set_Current_NoteEm  sound.o
    0x00000f48   0x00000f48   0x0000002e   Code   RO          101    .text._ZN7SysTick4initEv  sound.o
    0x00000f76   0x00000f76   0x00000002   PAD
    0x00000f78   0x00000f78   0x00000018   Code   RO          107    .text._ZN7SysTick4stopEv  sound.o
    0x00000f90   0x00000f90   0x00000018   Code   RO          105    .text._ZN7SysTick5startEv  sound.o
    0x00000fa8   0x00000fa8   0x00000010   Code   RO           13    .text.__cxx_global_var_init  musicbox.o
    0x00000fb8   0x00000fb8   0x00000010   Code   RO           42    .text.__cxx_global_var_init  music.o
    0x00000fc8   0x00000fc8   0x00000010   Code   RO           15    .text.__cxx_global_var_init.1  musicbox.o
    0x00000fd8   0x00000fd8   0x00000010   Code   RO           17    .text.__cxx_global_var_init.2  musicbox.o
    0x00000fe8   0x00000fe8   0x00000062   Code   RO           19    .text.main          musicbox.o
    0x0000104a   0x0000104a   0x00000040   Data   RO           27    .rodata..Lconstinit  musicbox.o
    0x0000108a   0x0000108a   0x00000034   Data   RO           59    .rodata..Lconstinit  music.o
    0x000010be   0x000010be   0x00000056   Data   RO           60    .rodata..Lconstinit.1  music.o
    0x00001114   0x00001114   0x00000070   Data   RO           28    .rodata..Lconstinit.3  musicbox.o
    0x00001184   0x00001184   0x00000010   Data   RO          334    Region$$Table       anon$$obj.o
    0x00001194   0x00001194   0x00000004   Data   RO           29    .init_array         musicbox.o
    0x00001198   0x00001194   0x00000004   Data   RO           63    .init_array         music.o
    0x0000119c   0x00001194   0x00000000   Data   RO          164    .init_array         c_w.l(init_aeabi.o)


    Execution Region ER_RW (Exec base: 0x20000000, Load base: 0x0000119c, Size: 0x00000000, Max: 0xffffffff, ABSOLUTE)

    **** No section assigned to this execution region ****


    Execution Region ER_ZI (Exec base: 0x20000000, Load base: 0x0000119c, Size: 0x00000820, Max: 0xffffffff, ABSOLUTE)

    Exec Addr    Load Addr    Size         Type   Attr      Idx    E Section Name        Object

    0x20000000        -       0x00000060   Zero   RW          259    .bss                c_w.l(libspace.o)
    0x20000060        -       0x00000001   Zero   RW           26    .bss.buttonsLEDs    musicbox.o
    0x20000061   0x0000119c   0x00000003   PAD
    0x20000064        -       0x000000c8   Zero   RW           24    .bss.music          musicbox.o
    0x2000012c        -       0x000000b8   Zero   RW           25    .bss.piano          musicbox.o
    0x200001e4        -       0x0000017c   Zero   RW           58    .bss.song           music.o
    0x20000360        -       0x000000b8   Zero   RW           23    .bss.sound          musicbox.o
    0x20000418        -       0x00000001   Zero   RW           94    .bss.systick        sound.o
    0x20000419   0x0000119c   0x00000007   PAD
    0x20000420        -       0x00000000   Zero   RW            2    HEAP                startup.o
    0x20000420        -       0x00000400   Zero   RW            1    STACK               startup.o


==============================================================================

Image component sizes


      Code (inc. data)   RO Data    RW Data    ZI Data      Debug   Object Name

      1112          0          0          0          0       2800   buttonled.o
       778          0        142          0        380       4959   music.o
       248          0        180          0        569       4110   musicbox.o
       262          0          0          0          0       3470   piano.o
       526          0          0          0          1       3758   sound.o
       692        632          0          0       1024        996   startup.o

    ----------------------------------------------------------------------
      3642        632        338          0       1984      20093   Object Totals
         0          0         16          0          0          0   (incl. Generated)
        24          0          0          0         10          0   (incl. Padding)

    ----------------------------------------------------------------------

      Code (inc. data)   RO Data    RW Data    ZI Data      Debug   Library Member Name

         8          0          0          0          0         68   __main.o
         0          0          0          0          0          0   __rtentry.o
        12          0          0          0          0          0   __rtentry2.o
         6          0          0          0          0          0   __rtentry4.o
        52          8          0          0          0          0   __scatter.o
        28          0          0          0          0          0   __scatter_zi.o
        18          0          0          0          0         80   exit.o
         6          0          0          0          0        152   heapauxi.o
         0          0          0          0          0          0   indicate_semi.o
        36          8          0          0          0         80   init_aeabi.o
         2          0          0          0          0          0   libinit.o
         6          0          0          0          0          0   libinit2.o
         2          0          0          0          0          0   libshutdown.o
         2          0          0          0          0          0   libshutdown2.o
         8          4          0          0         96         68   libspace.o
       138          0          0          0          0         68   rt_memcpy_v6.o
       100          0          0          0          0         80   rt_memcpy_w.o
         2          0          0          0          0          0   rtexit.o
        10          0          0          0          0          0   rtexit2.o
        12          4          0          0          0         68   sys_exit.o
        74          0          0          0          0         80   sys_stackheap_outer.o
         2          0          0          0          0         68   use_no_semi.o

    ----------------------------------------------------------------------
       528         24          0          0         96        812   Library Totals
         4          0          0          0          0          0   (incl. Padding)

    ----------------------------------------------------------------------

      Code (inc. data)   RO Data    RW Data    ZI Data      Debug   Library Name

       524         24          0          0         96        812   c_w.l

    ----------------------------------------------------------------------
       528         24          0          0         96        812   Library Totals

    ----------------------------------------------------------------------

==============================================================================


      Code (inc. data)   RO Data    RW Data    ZI Data      Debug   

      4170        656        338          0       2080      20493   Grand Totals
      4170        656        338          0       2080      20493   ELF Image Totals
      4170        656        338          0          0          0   ROM Totals

==============================================================================

    Total RO  Size (Code + RO Data)                 4508 (   4.40kB)
    Total RW  Size (RW Data + ZI Data)              2080 (   2.03kB)
    Total ROM Size (Code + RO Data + RW Data)       4508 (   4.40kB)

==============================================================================

